2026-04-20T07:18:54 consumer starting delivery_mode=transient enforcement_timing=immediate boundary=required_effect disturbance=interruption
2026-04-20T07:18:55 consumer processed case_id=0 event_id=0 processed=1
2026-04-20T07:18:55 consumer processed case_id=1 event_id=1 processed=2
2026-04-20T07:18:55 consumer processed case_id=2 event_id=2 processed=3
2026-04-20T07:18:55 consumer processed case_id=3 event_id=3 processed=4
2026-04-20T07:18:55 consumer processed case_id=4 event_id=4 processed=5
2026-04-20T07:18:55 consumer processed case_id=5 event_id=5 processed=6
2026-04-20T07:18:55 consumer processed case_id=6 event_id=6 processed=7
2026-04-20T07:18:55 consumer processed case_id=7 event_id=7 processed=8
2026-04-20T07:18:55 consumer processed case_id=8 event_id=8 processed=9
2026-04-20T07:18:55 consumer processed case_id=9 event_id=9 processed=10
2026-04-20T07:18:55 consumer processed case_id=10 event_id=10 processed=11
2026-04-20T07:18:55 consumer processed case_id=11 event_id=11 processed=12
2026-04-20T07:18:55 consumer processed case_id=12 event_id=12 processed=13
2026-04-20T07:18:55 consumer processed case_id=13 event_id=13 processed=14
2026-04-20T07:18:55 consumer processed case_id=14 event_id=14 processed=15
2026-04-20T07:18:55 consumer processed case_id=15 event_id=15 processed=16
2026-04-20T07:18:55 consumer processed case_id=16 event_id=16 processed=17
2026-04-20T07:18:55 consumer processed case_id=17 event_id=17 processed=18
2026-04-20T07:18:55 consumer processed case_id=18 event_id=18 processed=19
2026-04-20T07:18:55 consumer processed case_id=19 event_id=19 processed=20
2026-04-20T07:18:55 consumer processed case_id=20 event_id=20 processed=21
2026-04-20T07:18:55 consumer processed case_id=21 event_id=21 processed=22
2026-04-20T07:18:55 consumer processed case_id=22 event_id=22 processed=23
2026-04-20T07:18:55 consumer processed case_id=23 event_id=23 processed=24
2026-04-20T07:18:55 consumer processed case_id=24 event_id=24 processed=25
2026-04-20T07:18:55 consumer processed case_id=25 event_id=25 processed=26
2026-04-20T07:18:55 consumer processed case_id=26 event_id=26 processed=27
2026-04-20T07:18:55 consumer processed case_id=27 event_id=27 processed=28
2026-04-20T07:18:55 consumer processed case_id=28 event_id=28 processed=29
2026-04-20T07:18:55 consumer processed case_id=29 event_id=29 processed=30
2026-04-20T07:18:55 consumer processed case_id=30 event_id=30 processed=31
2026-04-20T07:18:55 consumer processed case_id=31 event_id=31 processed=32
2026-04-20T07:18:55 consumer processed case_id=32 event_id=32 processed=33
2026-04-20T07:18:55 consumer processed case_id=33 event_id=33 processed=34
2026-04-20T07:18:55 consumer processed case_id=34 event_id=34 processed=35
2026-04-20T07:18:55 consumer processed case_id=35 event_id=35 processed=36
2026-04-20T07:18:55 consumer processed case_id=36 event_id=36 processed=37
2026-04-20T07:18:55 consumer processed case_id=37 event_id=37 processed=38
2026-04-20T07:18:55 consumer processed case_id=38 event_id=38 processed=39
2026-04-20T07:18:55 consumer processed case_id=39 event_id=39 processed=40
2026-04-20T07:18:55 consumer processed case_id=40 event_id=40 processed=41
2026-04-20T07:18:55 consumer processed case_id=41 event_id=41 processed=42
2026-04-20T07:18:55 consumer processed case_id=42 event_id=42 processed=43
2026-04-20T07:18:55 consumer processed case_id=43 event_id=43 processed=44
2026-04-20T07:18:55 consumer processed case_id=44 event_id=44 processed=45
2026-04-20T07:18:55 consumer processed case_id=45 event_id=45 processed=46
2026-04-20T07:18:55 consumer processed case_id=46 event_id=46 processed=47
2026-04-20T07:18:55 consumer processed case_id=47 event_id=47 processed=48
2026-04-20T07:18:55 consumer processed case_id=48 event_id=48 processed=49
2026-04-20T07:18:55 consumer processed case_id=49 event_id=49 processed=50
2026-04-20T07:18:55 consumer processed case_id=50 event_id=50 processed=51
2026-04-20T07:18:55 consumer processed case_id=51 event_id=51 processed=52
2026-04-20T07:18:55 consumer processed case_id=52 event_id=52 processed=53
2026-04-20T07:18:55 consumer processed case_id=53 event_id=53 processed=54
2026-04-20T07:18:55 consumer processed case_id=54 event_id=54 processed=55
2026-04-20T07:18:55 consumer processed case_id=55 event_id=55 processed=56
2026-04-20T07:18:55 consumer processed case_id=56 event_id=56 processed=57
2026-04-20T07:18:55 consumer processed case_id=57 event_id=57 processed=58
2026-04-20T07:18:55 consumer processed case_id=58 event_id=58 processed=59
2026-04-20T07:18:55 consumer processed case_id=59 event_id=59 processed=60
2026-04-20T07:18:55 consumer processed case_id=60 event_id=60 processed=61
2026-04-20T07:18:55 consumer processed case_id=61 event_id=61 processed=62
2026-04-20T07:18:55 consumer processed case_id=62 event_id=62 processed=63
2026-04-20T07:18:55 consumer processed case_id=63 event_id=63 processed=64
2026-04-20T07:18:55 consumer processed case_id=64 event_id=64 processed=65
2026-04-20T07:18:55 consumer processed case_id=65 event_id=65 processed=66
2026-04-20T07:18:55 consumer processed case_id=66 event_id=66 processed=67
2026-04-20T07:18:55 consumer processed case_id=67 event_id=67 processed=68
2026-04-20T07:18:55 consumer processed case_id=68 event_id=68 processed=69
2026-04-20T07:18:55 consumer processed case_id=69 event_id=69 processed=70
2026-04-20T07:18:55 consumer processed case_id=70 event_id=70 processed=71
2026-04-20T07:18:55 consumer processed case_id=71 event_id=71 processed=72
2026-04-20T07:18:55 consumer processed case_id=72 event_id=72 processed=73
2026-04-20T07:18:55 consumer processed case_id=73 event_id=73 processed=74
2026-04-20T07:18:55 consumer processed case_id=74 event_id=74 processed=75
2026-04-20T07:18:55 consumer processed case_id=75 event_id=75 processed=76
2026-04-20T07:18:55 consumer processed case_id=76 event_id=76 processed=77
2026-04-20T07:18:55 consumer processed case_id=77 event_id=77 processed=78
2026-04-20T07:18:55 consumer processed case_id=78 event_id=78 processed=79
2026-04-20T07:18:55 consumer processed case_id=79 event_id=79 processed=80
2026-04-20T07:18:55 consumer processed case_id=80 event_id=80 processed=81
2026-04-20T07:18:55 consumer processed case_id=81 event_id=81 processed=82
2026-04-20T07:18:55 consumer processed case_id=82 event_id=82 processed=83
2026-04-20T07:18:55 consumer processed case_id=83 event_id=83 processed=84
2026-04-20T07:18:55 consumer processed case_id=84 event_id=84 processed=85
2026-04-20T07:18:55 consumer processed case_id=85 event_id=85 processed=86
2026-04-20T07:18:55 consumer processed case_id=86 event_id=86 processed=87
2026-04-20T07:18:55 consumer processed case_id=87 event_id=87 processed=88
2026-04-20T07:18:55 consumer processed case_id=88 event_id=88 processed=89
2026-04-20T07:18:55 consumer processed case_id=89 event_id=89 processed=90
2026-04-20T07:18:55 consumer processed case_id=90 event_id=90 processed=91
2026-04-20T07:18:55 consumer processed case_id=91 event_id=91 processed=92
2026-04-20T07:18:55 consumer processed case_id=92 event_id=92 processed=93
2026-04-20T07:18:55 consumer processed case_id=93 event_id=93 processed=94
2026-04-20T07:18:55 consumer interruption_disconnect_active mode=time_seconds reason=elapsed_seconds>=1.5 duration=5.000 state_drop_exposed_latest=False
2026-04-20T07:19:00 consumer interruption_disconnect_complete resubscribed=true
2026-04-20T07:19:00 consumer processed case_id=981 event_id=981 processed=95
2026-04-20T07:19:00 consumer processed case_id=982 event_id=982 processed=96
2026-04-20T07:19:00 consumer processed case_id=983 event_id=983 processed=97
2026-04-20T07:19:00 consumer processed case_id=984 event_id=984 processed=98
2026-04-20T07:19:00 consumer processed case_id=985 event_id=985 processed=99
2026-04-20T07:19:00 consumer processed case_id=986 event_id=986 processed=100
2026-04-20T07:19:00 consumer processed case_id=987 event_id=987 processed=101
2026-04-20T07:19:00 consumer processed case_id=988 event_id=988 processed=102
2026-04-20T07:19:00 consumer processed case_id=989 event_id=989 processed=103
2026-04-20T07:19:00 consumer processed case_id=990 event_id=990 processed=104
2026-04-20T07:19:01 consumer processed case_id=991 event_id=991 processed=105
2026-04-20T07:19:01 consumer processed case_id=992 event_id=992 processed=106
2026-04-20T07:19:01 consumer processed case_id=993 event_id=993 processed=107
2026-04-20T07:19:01 consumer processed case_id=994 event_id=994 processed=108
2026-04-20T07:19:01 consumer processed case_id=995 event_id=995 processed=109
2026-04-20T07:19:01 consumer processed case_id=996 event_id=996 processed=110
2026-04-20T07:19:01 consumer processed case_id=997 event_id=997 processed=111
2026-04-20T07:19:01 consumer processed case_id=998 event_id=998 processed=112
2026-04-20T07:19:01 consumer processed case_id=999 event_id=999 processed=113
2026-04-20T07:19:01 consumer producer_complete_seen emitted_hint=1000 logical_hint=1000 seen_elapsed=6.70962
2026-04-20T07:19:03 consumer drain_complete processed=113 emitted_hint=1000 logical_hint=1000 quiet_for=2.012
