2026-04-20T07:04:02 consumer starting delivery_mode=transient enforcement_timing=immediate boundary=required_effect disturbance=interruption
2026-04-20T07:04:03 consumer processed case_id=0 event_id=0 processed=1
2026-04-20T07:04:03 consumer processed case_id=1 event_id=1 processed=2
2026-04-20T07:04:03 consumer processed case_id=2 event_id=2 processed=3
2026-04-20T07:04:03 consumer processed case_id=3 event_id=3 processed=4
2026-04-20T07:04:03 consumer processed case_id=4 event_id=4 processed=5
2026-04-20T07:04:03 consumer processed case_id=5 event_id=5 processed=6
2026-04-20T07:04:03 consumer processed case_id=6 event_id=6 processed=7
2026-04-20T07:04:03 consumer processed case_id=7 event_id=7 processed=8
2026-04-20T07:04:03 consumer processed case_id=8 event_id=8 processed=9
2026-04-20T07:04:03 consumer processed case_id=9 event_id=9 processed=10
2026-04-20T07:04:03 consumer processed case_id=10 event_id=10 processed=11
2026-04-20T07:04:03 consumer processed case_id=11 event_id=11 processed=12
2026-04-20T07:04:03 consumer processed case_id=12 event_id=12 processed=13
2026-04-20T07:04:03 consumer processed case_id=13 event_id=13 processed=14
2026-04-20T07:04:03 consumer processed case_id=14 event_id=14 processed=15
2026-04-20T07:04:03 consumer processed case_id=15 event_id=15 processed=16
2026-04-20T07:04:03 consumer processed case_id=16 event_id=16 processed=17
2026-04-20T07:04:03 consumer processed case_id=17 event_id=17 processed=18
2026-04-20T07:04:03 consumer processed case_id=18 event_id=18 processed=19
2026-04-20T07:04:03 consumer processed case_id=19 event_id=19 processed=20
2026-04-20T07:04:03 consumer processed case_id=20 event_id=20 processed=21
2026-04-20T07:04:03 consumer processed case_id=21 event_id=21 processed=22
2026-04-20T07:04:03 consumer processed case_id=22 event_id=22 processed=23
2026-04-20T07:04:03 consumer processed case_id=23 event_id=23 processed=24
2026-04-20T07:04:03 consumer processed case_id=24 event_id=24 processed=25
2026-04-20T07:04:03 consumer processed case_id=25 event_id=25 processed=26
2026-04-20T07:04:03 consumer processed case_id=26 event_id=26 processed=27
2026-04-20T07:04:03 consumer processed case_id=27 event_id=27 processed=28
2026-04-20T07:04:03 consumer processed case_id=28 event_id=28 processed=29
2026-04-20T07:04:03 consumer processed case_id=29 event_id=29 processed=30
2026-04-20T07:04:03 consumer processed case_id=30 event_id=30 processed=31
2026-04-20T07:04:03 consumer processed case_id=31 event_id=31 processed=32
2026-04-20T07:04:03 consumer processed case_id=32 event_id=32 processed=33
2026-04-20T07:04:03 consumer processed case_id=33 event_id=33 processed=34
2026-04-20T07:04:03 consumer processed case_id=34 event_id=34 processed=35
2026-04-20T07:04:03 consumer processed case_id=35 event_id=35 processed=36
2026-04-20T07:04:03 consumer processed case_id=36 event_id=36 processed=37
2026-04-20T07:04:03 consumer processed case_id=37 event_id=37 processed=38
2026-04-20T07:04:03 consumer processed case_id=38 event_id=38 processed=39
2026-04-20T07:04:03 consumer processed case_id=39 event_id=39 processed=40
2026-04-20T07:04:03 consumer processed case_id=40 event_id=40 processed=41
2026-04-20T07:04:03 consumer processed case_id=41 event_id=41 processed=42
2026-04-20T07:04:03 consumer processed case_id=42 event_id=42 processed=43
2026-04-20T07:04:03 consumer processed case_id=43 event_id=43 processed=44
2026-04-20T07:04:03 consumer processed case_id=44 event_id=44 processed=45
2026-04-20T07:04:03 consumer processed case_id=45 event_id=45 processed=46
2026-04-20T07:04:03 consumer processed case_id=46 event_id=46 processed=47
2026-04-20T07:04:03 consumer processed case_id=47 event_id=47 processed=48
2026-04-20T07:04:03 consumer processed case_id=48 event_id=48 processed=49
2026-04-20T07:04:03 consumer processed case_id=49 event_id=49 processed=50
2026-04-20T07:04:03 consumer processed case_id=50 event_id=50 processed=51
2026-04-20T07:04:03 consumer processed case_id=51 event_id=51 processed=52
2026-04-20T07:04:03 consumer processed case_id=52 event_id=52 processed=53
2026-04-20T07:04:03 consumer processed case_id=53 event_id=53 processed=54
2026-04-20T07:04:03 consumer processed case_id=54 event_id=54 processed=55
2026-04-20T07:04:03 consumer processed case_id=55 event_id=55 processed=56
2026-04-20T07:04:03 consumer processed case_id=56 event_id=56 processed=57
2026-04-20T07:04:03 consumer processed case_id=57 event_id=57 processed=58
2026-04-20T07:04:03 consumer processed case_id=58 event_id=58 processed=59
2026-04-20T07:04:04 consumer processed case_id=59 event_id=59 processed=60
2026-04-20T07:04:04 consumer processed case_id=60 event_id=60 processed=61
2026-04-20T07:04:04 consumer processed case_id=61 event_id=61 processed=62
2026-04-20T07:04:04 consumer processed case_id=62 event_id=62 processed=63
2026-04-20T07:04:04 consumer processed case_id=63 event_id=63 processed=64
2026-04-20T07:04:04 consumer processed case_id=64 event_id=64 processed=65
2026-04-20T07:04:04 consumer processed case_id=65 event_id=65 processed=66
2026-04-20T07:04:04 consumer processed case_id=66 event_id=66 processed=67
2026-04-20T07:04:04 consumer processed case_id=67 event_id=67 processed=68
2026-04-20T07:04:04 consumer processed case_id=68 event_id=68 processed=69
2026-04-20T07:04:04 consumer processed case_id=69 event_id=69 processed=70
2026-04-20T07:04:04 consumer processed case_id=70 event_id=70 processed=71
2026-04-20T07:04:04 consumer processed case_id=71 event_id=71 processed=72
2026-04-20T07:04:04 consumer processed case_id=72 event_id=72 processed=73
2026-04-20T07:04:04 consumer processed case_id=73 event_id=73 processed=74
2026-04-20T07:04:04 consumer processed case_id=74 event_id=74 processed=75
2026-04-20T07:04:04 consumer processed case_id=75 event_id=75 processed=76
2026-04-20T07:04:04 consumer processed case_id=76 event_id=76 processed=77
2026-04-20T07:04:04 consumer processed case_id=77 event_id=77 processed=78
2026-04-20T07:04:04 consumer processed case_id=78 event_id=78 processed=79
2026-04-20T07:04:04 consumer processed case_id=79 event_id=79 processed=80
2026-04-20T07:04:04 consumer processed case_id=80 event_id=80 processed=81
2026-04-20T07:04:04 consumer processed case_id=81 event_id=81 processed=82
2026-04-20T07:04:04 consumer processed case_id=82 event_id=82 processed=83
2026-04-20T07:04:04 consumer processed case_id=83 event_id=83 processed=84
2026-04-20T07:04:04 consumer processed case_id=84 event_id=84 processed=85
2026-04-20T07:04:04 consumer processed case_id=85 event_id=85 processed=86
2026-04-20T07:04:04 consumer processed case_id=86 event_id=86 processed=87
2026-04-20T07:04:04 consumer processed case_id=87 event_id=87 processed=88
2026-04-20T07:04:04 consumer processed case_id=88 event_id=88 processed=89
2026-04-20T07:04:04 consumer processed case_id=89 event_id=89 processed=90
2026-04-20T07:04:04 consumer processed case_id=90 event_id=90 processed=91
2026-04-20T07:04:04 consumer processed case_id=91 event_id=91 processed=92
2026-04-20T07:04:04 consumer processed case_id=92 event_id=92 processed=93
2026-04-20T07:04:04 consumer processed case_id=93 event_id=93 processed=94
2026-04-20T07:04:04 consumer processed case_id=94 event_id=94 processed=95
2026-04-20T07:04:04 consumer processed case_id=95 event_id=95 processed=96
2026-04-20T07:04:04 consumer processed case_id=96 event_id=96 processed=97
2026-04-20T07:04:04 consumer processed case_id=97 event_id=97 processed=98
2026-04-20T07:04:04 consumer processed case_id=98 event_id=98 processed=99
2026-04-20T07:04:04 consumer processed case_id=99 event_id=99 processed=100
2026-04-20T07:04:04 consumer processed case_id=100 event_id=100 processed=101
2026-04-20T07:04:04 consumer processed case_id=101 event_id=101 processed=102
2026-04-20T07:04:04 consumer processed case_id=102 event_id=102 processed=103
2026-04-20T07:04:04 consumer processed case_id=103 event_id=103 processed=104
2026-04-20T07:04:04 consumer processed case_id=104 event_id=104 processed=105
2026-04-20T07:04:04 consumer processed case_id=105 event_id=105 processed=106
2026-04-20T07:04:04 consumer processed case_id=106 event_id=106 processed=107
2026-04-20T07:04:04 consumer processed case_id=107 event_id=107 processed=108
2026-04-20T07:04:04 consumer processed case_id=108 event_id=108 processed=109
2026-04-20T07:04:04 consumer processed case_id=109 event_id=109 processed=110
2026-04-20T07:04:04 consumer processed case_id=110 event_id=110 processed=111
2026-04-20T07:04:04 consumer processed case_id=111 event_id=111 processed=112
2026-04-20T07:04:04 consumer processed case_id=112 event_id=112 processed=113
2026-04-20T07:04:04 consumer processed case_id=113 event_id=113 processed=114
2026-04-20T07:04:04 consumer processed case_id=114 event_id=114 processed=115
2026-04-20T07:04:04 consumer processed case_id=115 event_id=115 processed=116
2026-04-20T07:04:04 consumer processed case_id=116 event_id=116 processed=117
2026-04-20T07:04:04 consumer processed case_id=117 event_id=117 processed=118
2026-04-20T07:04:04 consumer processed case_id=118 event_id=118 processed=119
2026-04-20T07:04:04 consumer processed case_id=119 event_id=119 processed=120
2026-04-20T07:04:04 consumer processed case_id=120 event_id=120 processed=121
2026-04-20T07:04:04 consumer processed case_id=121 event_id=121 processed=122
2026-04-20T07:04:04 consumer processed case_id=122 event_id=122 processed=123
2026-04-20T07:04:04 consumer processed case_id=123 event_id=123 processed=124
2026-04-20T07:04:04 consumer processed case_id=124 event_id=124 processed=125
2026-04-20T07:04:04 consumer processed case_id=125 event_id=125 processed=126
2026-04-20T07:04:04 consumer processed case_id=126 event_id=126 processed=127
2026-04-20T07:04:04 consumer processed case_id=127 event_id=127 processed=128
2026-04-20T07:04:04 consumer processed case_id=128 event_id=128 processed=129
2026-04-20T07:04:04 consumer processed case_id=129 event_id=129 processed=130
2026-04-20T07:04:04 consumer processed case_id=130 event_id=130 processed=131
2026-04-20T07:04:04 consumer processed case_id=131 event_id=131 processed=132
2026-04-20T07:04:04 consumer processed case_id=132 event_id=132 processed=133
2026-04-20T07:04:04 consumer processed case_id=133 event_id=133 processed=134
2026-04-20T07:04:04 consumer processed case_id=134 event_id=134 processed=135
2026-04-20T07:04:04 consumer processed case_id=135 event_id=135 processed=136
2026-04-20T07:04:04 consumer processed case_id=136 event_id=136 processed=137
2026-04-20T07:04:04 consumer processed case_id=137 event_id=137 processed=138
2026-04-20T07:04:04 consumer processed case_id=138 event_id=138 processed=139
2026-04-20T07:04:04 consumer processed case_id=139 event_id=139 processed=140
2026-04-20T07:04:04 consumer processed case_id=140 event_id=140 processed=141
2026-04-20T07:04:04 consumer processed case_id=141 event_id=141 processed=142
2026-04-20T07:04:04 consumer processed case_id=142 event_id=142 processed=143
2026-04-20T07:04:04 consumer processed case_id=143 event_id=143 processed=144
2026-04-20T07:04:04 consumer processed case_id=144 event_id=144 processed=145
2026-04-20T07:04:04 consumer processed case_id=145 event_id=145 processed=146
2026-04-20T07:04:04 consumer processed case_id=146 event_id=146 processed=147
2026-04-20T07:04:04 consumer processed case_id=147 event_id=147 processed=148
2026-04-20T07:04:04 consumer processed case_id=148 event_id=148 processed=149
2026-04-20T07:04:04 consumer processed case_id=149 event_id=149 processed=150
2026-04-20T07:04:04 consumer processed case_id=150 event_id=150 processed=151
2026-04-20T07:04:04 consumer processed case_id=151 event_id=151 processed=152
2026-04-20T07:04:04 consumer processed case_id=152 event_id=152 processed=153
2026-04-20T07:04:04 consumer processed case_id=153 event_id=153 processed=154
2026-04-20T07:04:04 consumer processed case_id=154 event_id=154 processed=155
2026-04-20T07:04:04 consumer interruption_disconnect_active mode=time_seconds reason=elapsed_seconds>=2.0 duration=3.500 state_drop_exposed_latest=False
2026-04-20T07:04:08 consumer interruption_disconnect_complete resubscribed=true
2026-04-20T07:04:08 consumer processed case_id=779 event_id=779 processed=156
2026-04-20T07:04:08 consumer processed case_id=780 event_id=780 processed=157
2026-04-20T07:04:08 consumer processed case_id=781 event_id=781 processed=158
2026-04-20T07:04:08 consumer processed case_id=782 event_id=782 processed=159
2026-04-20T07:04:08 consumer processed case_id=783 event_id=783 processed=160
2026-04-20T07:04:08 consumer processed case_id=784 event_id=784 processed=161
2026-04-20T07:04:08 consumer processed case_id=785 event_id=785 processed=162
2026-04-20T07:04:08 consumer processed case_id=786 event_id=786 processed=163
2026-04-20T07:04:08 consumer processed case_id=787 event_id=787 processed=164
2026-04-20T07:04:08 consumer processed case_id=788 event_id=788 processed=165
2026-04-20T07:04:08 consumer processed case_id=789 event_id=789 processed=166
2026-04-20T07:04:08 consumer processed case_id=790 event_id=790 processed=167
2026-04-20T07:04:08 consumer processed case_id=791 event_id=791 processed=168
2026-04-20T07:04:08 consumer processed case_id=792 event_id=792 processed=169
2026-04-20T07:04:08 consumer processed case_id=793 event_id=793 processed=170
2026-04-20T07:04:08 consumer processed case_id=794 event_id=794 processed=171
2026-04-20T07:04:08 consumer processed case_id=795 event_id=795 processed=172
2026-04-20T07:04:08 consumer processed case_id=796 event_id=796 processed=173
2026-04-20T07:04:08 consumer processed case_id=797 event_id=797 processed=174
2026-04-20T07:04:08 consumer processed case_id=798 event_id=798 processed=175
2026-04-20T07:04:08 consumer processed case_id=799 event_id=799 processed=176
2026-04-20T07:04:08 consumer processed case_id=800 event_id=800 processed=177
2026-04-20T07:04:08 consumer processed case_id=801 event_id=801 processed=178
2026-04-20T07:04:08 consumer processed case_id=802 event_id=802 processed=179
2026-04-20T07:04:08 consumer processed case_id=803 event_id=803 processed=180
2026-04-20T07:04:08 consumer processed case_id=804 event_id=804 processed=181
2026-04-20T07:04:08 consumer processed case_id=805 event_id=805 processed=182
2026-04-20T07:04:08 consumer processed case_id=806 event_id=806 processed=183
2026-04-20T07:04:08 consumer processed case_id=807 event_id=807 processed=184
2026-04-20T07:04:08 consumer processed case_id=808 event_id=808 processed=185
2026-04-20T07:04:08 consumer processed case_id=809 event_id=809 processed=186
2026-04-20T07:04:08 consumer processed case_id=810 event_id=810 processed=187
2026-04-20T07:04:08 consumer processed case_id=811 event_id=811 processed=188
2026-04-20T07:04:08 consumer processed case_id=812 event_id=812 processed=189
2026-04-20T07:04:08 consumer processed case_id=813 event_id=813 processed=190
2026-04-20T07:04:08 consumer processed case_id=814 event_id=814 processed=191
2026-04-20T07:04:08 consumer processed case_id=815 event_id=815 processed=192
2026-04-20T07:04:08 consumer processed case_id=816 event_id=816 processed=193
2026-04-20T07:04:08 consumer processed case_id=817 event_id=817 processed=194
2026-04-20T07:04:08 consumer processed case_id=818 event_id=818 processed=195
2026-04-20T07:04:08 consumer processed case_id=819 event_id=819 processed=196
2026-04-20T07:04:08 consumer processed case_id=820 event_id=820 processed=197
2026-04-20T07:04:08 consumer processed case_id=821 event_id=821 processed=198
2026-04-20T07:04:08 consumer processed case_id=822 event_id=822 processed=199
2026-04-20T07:04:08 consumer processed case_id=823 event_id=823 processed=200
2026-04-20T07:04:08 consumer processed case_id=824 event_id=824 processed=201
2026-04-20T07:04:08 consumer processed case_id=825 event_id=825 processed=202
2026-04-20T07:04:08 consumer processed case_id=826 event_id=826 processed=203
2026-04-20T07:04:08 consumer processed case_id=827 event_id=827 processed=204
2026-04-20T07:04:08 consumer processed case_id=828 event_id=828 processed=205
2026-04-20T07:04:08 consumer processed case_id=829 event_id=829 processed=206
2026-04-20T07:04:08 consumer processed case_id=830 event_id=830 processed=207
2026-04-20T07:04:08 consumer processed case_id=831 event_id=831 processed=208
2026-04-20T07:04:08 consumer processed case_id=832 event_id=832 processed=209
2026-04-20T07:04:08 consumer processed case_id=833 event_id=833 processed=210
2026-04-20T07:04:08 consumer processed case_id=834 event_id=834 processed=211
2026-04-20T07:04:08 consumer processed case_id=835 event_id=835 processed=212
2026-04-20T07:04:08 consumer processed case_id=836 event_id=836 processed=213
2026-04-20T07:04:08 consumer processed case_id=837 event_id=837 processed=214
2026-04-20T07:04:08 consumer processed case_id=838 event_id=838 processed=215
2026-04-20T07:04:08 consumer processed case_id=839 event_id=839 processed=216
2026-04-20T07:04:08 consumer processed case_id=840 event_id=840 processed=217
2026-04-20T07:04:08 consumer processed case_id=841 event_id=841 processed=218
2026-04-20T07:04:08 consumer processed case_id=842 event_id=842 processed=219
2026-04-20T07:04:08 consumer processed case_id=843 event_id=843 processed=220
2026-04-20T07:04:08 consumer processed case_id=844 event_id=844 processed=221
2026-04-20T07:04:08 consumer processed case_id=845 event_id=845 processed=222
2026-04-20T07:04:08 consumer processed case_id=846 event_id=846 processed=223
2026-04-20T07:04:08 consumer processed case_id=847 event_id=847 processed=224
2026-04-20T07:04:08 consumer processed case_id=848 event_id=848 processed=225
2026-04-20T07:04:08 consumer processed case_id=849 event_id=849 processed=226
2026-04-20T07:04:08 consumer processed case_id=850 event_id=850 processed=227
2026-04-20T07:04:08 consumer processed case_id=851 event_id=851 processed=228
2026-04-20T07:04:08 consumer processed case_id=852 event_id=852 processed=229
2026-04-20T07:04:08 consumer processed case_id=853 event_id=853 processed=230
2026-04-20T07:04:08 consumer processed case_id=854 event_id=854 processed=231
2026-04-20T07:04:08 consumer processed case_id=855 event_id=855 processed=232
2026-04-20T07:04:08 consumer processed case_id=856 event_id=856 processed=233
2026-04-20T07:04:08 consumer processed case_id=857 event_id=857 processed=234
2026-04-20T07:04:08 consumer processed case_id=858 event_id=858 processed=235
2026-04-20T07:04:08 consumer processed case_id=859 event_id=859 processed=236
2026-04-20T07:04:08 consumer processed case_id=860 event_id=860 processed=237
2026-04-20T07:04:08 consumer processed case_id=861 event_id=861 processed=238
2026-04-20T07:04:08 consumer processed case_id=862 event_id=862 processed=239
2026-04-20T07:04:08 consumer processed case_id=863 event_id=863 processed=240
2026-04-20T07:04:08 consumer processed case_id=864 event_id=864 processed=241
2026-04-20T07:04:08 consumer processed case_id=865 event_id=865 processed=242
2026-04-20T07:04:08 consumer processed case_id=866 event_id=866 processed=243
2026-04-20T07:04:08 consumer processed case_id=867 event_id=867 processed=244
2026-04-20T07:04:08 consumer processed case_id=868 event_id=868 processed=245
2026-04-20T07:04:08 consumer processed case_id=869 event_id=869 processed=246
2026-04-20T07:04:08 consumer processed case_id=870 event_id=870 processed=247
2026-04-20T07:04:08 consumer processed case_id=871 event_id=871 processed=248
2026-04-20T07:04:08 consumer processed case_id=872 event_id=872 processed=249
2026-04-20T07:04:08 consumer processed case_id=873 event_id=873 processed=250
2026-04-20T07:04:08 consumer processed case_id=874 event_id=874 processed=251
2026-04-20T07:04:08 consumer processed case_id=875 event_id=875 processed=252
2026-04-20T07:04:08 consumer processed case_id=876 event_id=876 processed=253
2026-04-20T07:04:08 consumer processed case_id=877 event_id=877 processed=254
2026-04-20T07:04:08 consumer processed case_id=878 event_id=878 processed=255
2026-04-20T07:04:08 consumer processed case_id=879 event_id=879 processed=256
2026-04-20T07:04:08 consumer processed case_id=880 event_id=880 processed=257
2026-04-20T07:04:08 consumer processed case_id=881 event_id=881 processed=258
2026-04-20T07:04:08 consumer processed case_id=882 event_id=882 processed=259
2026-04-20T07:04:08 consumer processed case_id=883 event_id=883 processed=260
2026-04-20T07:04:08 consumer processed case_id=884 event_id=884 processed=261
2026-04-20T07:04:08 consumer processed case_id=885 event_id=885 processed=262
2026-04-20T07:04:08 consumer processed case_id=886 event_id=886 processed=263
2026-04-20T07:04:08 consumer processed case_id=887 event_id=887 processed=264
2026-04-20T07:04:08 consumer processed case_id=888 event_id=888 processed=265
2026-04-20T07:04:08 consumer processed case_id=889 event_id=889 processed=266
2026-04-20T07:04:08 consumer processed case_id=890 event_id=890 processed=267
2026-04-20T07:04:08 consumer processed case_id=891 event_id=891 processed=268
2026-04-20T07:04:08 consumer processed case_id=892 event_id=892 processed=269
2026-04-20T07:04:08 consumer processed case_id=893 event_id=893 processed=270
2026-04-20T07:04:08 consumer processed case_id=894 event_id=894 processed=271
2026-04-20T07:04:08 consumer processed case_id=895 event_id=895 processed=272
2026-04-20T07:04:08 consumer processed case_id=896 event_id=896 processed=273
2026-04-20T07:04:08 consumer processed case_id=897 event_id=897 processed=274
2026-04-20T07:04:08 consumer processed case_id=898 event_id=898 processed=275
2026-04-20T07:04:08 consumer processed case_id=899 event_id=899 processed=276
2026-04-20T07:04:08 consumer processed case_id=900 event_id=900 processed=277
2026-04-20T07:04:08 consumer processed case_id=901 event_id=901 processed=278
2026-04-20T07:04:08 consumer processed case_id=902 event_id=902 processed=279
2026-04-20T07:04:08 consumer processed case_id=903 event_id=903 processed=280
2026-04-20T07:04:08 consumer processed case_id=904 event_id=904 processed=281
2026-04-20T07:04:08 consumer processed case_id=905 event_id=905 processed=282
2026-04-20T07:04:08 consumer processed case_id=906 event_id=906 processed=283
2026-04-20T07:04:08 consumer processed case_id=907 event_id=907 processed=284
2026-04-20T07:04:08 consumer processed case_id=908 event_id=908 processed=285
2026-04-20T07:04:08 consumer processed case_id=909 event_id=909 processed=286
2026-04-20T07:04:08 consumer processed case_id=910 event_id=910 processed=287
2026-04-20T07:04:08 consumer processed case_id=911 event_id=911 processed=288
2026-04-20T07:04:08 consumer processed case_id=912 event_id=912 processed=289
2026-04-20T07:04:08 consumer processed case_id=913 event_id=913 processed=290
2026-04-20T07:04:08 consumer processed case_id=914 event_id=914 processed=291
2026-04-20T07:04:08 consumer processed case_id=915 event_id=915 processed=292
2026-04-20T07:04:08 consumer processed case_id=916 event_id=916 processed=293
2026-04-20T07:04:08 consumer processed case_id=917 event_id=917 processed=294
2026-04-20T07:04:08 consumer processed case_id=918 event_id=918 processed=295
2026-04-20T07:04:08 consumer processed case_id=919 event_id=919 processed=296
2026-04-20T07:04:08 consumer processed case_id=920 event_id=920 processed=297
2026-04-20T07:04:08 consumer processed case_id=921 event_id=921 processed=298
2026-04-20T07:04:08 consumer processed case_id=922 event_id=922 processed=299
2026-04-20T07:04:08 consumer processed case_id=923 event_id=923 processed=300
2026-04-20T07:04:08 consumer processed case_id=924 event_id=924 processed=301
2026-04-20T07:04:08 consumer processed case_id=925 event_id=925 processed=302
2026-04-20T07:04:08 consumer processed case_id=926 event_id=926 processed=303
2026-04-20T07:04:08 consumer processed case_id=927 event_id=927 processed=304
2026-04-20T07:04:08 consumer processed case_id=928 event_id=928 processed=305
2026-04-20T07:04:08 consumer processed case_id=929 event_id=929 processed=306
2026-04-20T07:04:08 consumer processed case_id=930 event_id=930 processed=307
2026-04-20T07:04:08 consumer processed case_id=931 event_id=931 processed=308
2026-04-20T07:04:08 consumer processed case_id=932 event_id=932 processed=309
2026-04-20T07:04:08 consumer processed case_id=933 event_id=933 processed=310
2026-04-20T07:04:08 consumer processed case_id=934 event_id=934 processed=311
2026-04-20T07:04:08 consumer processed case_id=935 event_id=935 processed=312
2026-04-20T07:04:08 consumer processed case_id=936 event_id=936 processed=313
2026-04-20T07:04:08 consumer processed case_id=937 event_id=937 processed=314
2026-04-20T07:04:08 consumer processed case_id=938 event_id=938 processed=315
2026-04-20T07:04:08 consumer processed case_id=939 event_id=939 processed=316
2026-04-20T07:04:08 consumer processed case_id=940 event_id=940 processed=317
2026-04-20T07:04:08 consumer processed case_id=941 event_id=941 processed=318
2026-04-20T07:04:08 consumer processed case_id=942 event_id=942 processed=319
2026-04-20T07:04:08 consumer processed case_id=943 event_id=943 processed=320
2026-04-20T07:04:08 consumer processed case_id=944 event_id=944 processed=321
2026-04-20T07:04:08 consumer processed case_id=945 event_id=945 processed=322
2026-04-20T07:04:08 consumer processed case_id=946 event_id=946 processed=323
2026-04-20T07:04:08 consumer processed case_id=947 event_id=947 processed=324
2026-04-20T07:04:08 consumer processed case_id=948 event_id=948 processed=325
2026-04-20T07:04:08 consumer processed case_id=949 event_id=949 processed=326
2026-04-20T07:04:08 consumer processed case_id=950 event_id=950 processed=327
2026-04-20T07:04:08 consumer processed case_id=951 event_id=951 processed=328
2026-04-20T07:04:08 consumer processed case_id=952 event_id=952 processed=329
2026-04-20T07:04:08 consumer processed case_id=953 event_id=953 processed=330
2026-04-20T07:04:09 consumer processed case_id=954 event_id=954 processed=331
2026-04-20T07:04:09 consumer processed case_id=955 event_id=955 processed=332
2026-04-20T07:04:09 consumer processed case_id=956 event_id=956 processed=333
2026-04-20T07:04:09 consumer processed case_id=957 event_id=957 processed=334
2026-04-20T07:04:09 consumer processed case_id=958 event_id=958 processed=335
2026-04-20T07:04:09 consumer processed case_id=959 event_id=959 processed=336
2026-04-20T07:04:09 consumer processed case_id=960 event_id=960 processed=337
2026-04-20T07:04:09 consumer processed case_id=961 event_id=961 processed=338
2026-04-20T07:04:09 consumer processed case_id=962 event_id=962 processed=339
2026-04-20T07:04:09 consumer processed case_id=963 event_id=963 processed=340
2026-04-20T07:04:09 consumer processed case_id=964 event_id=964 processed=341
2026-04-20T07:04:09 consumer processed case_id=965 event_id=965 processed=342
2026-04-20T07:04:09 consumer processed case_id=966 event_id=966 processed=343
2026-04-20T07:04:09 consumer processed case_id=967 event_id=967 processed=344
2026-04-20T07:04:09 consumer processed case_id=968 event_id=968 processed=345
2026-04-20T07:04:09 consumer processed case_id=969 event_id=969 processed=346
2026-04-20T07:04:09 consumer processed case_id=970 event_id=970 processed=347
2026-04-20T07:04:09 consumer processed case_id=971 event_id=971 processed=348
2026-04-20T07:04:09 consumer processed case_id=972 event_id=972 processed=349
2026-04-20T07:04:09 consumer processed case_id=973 event_id=973 processed=350
2026-04-20T07:04:09 consumer processed case_id=974 event_id=974 processed=351
2026-04-20T07:04:09 consumer processed case_id=975 event_id=975 processed=352
2026-04-20T07:04:09 consumer processed case_id=976 event_id=976 processed=353
2026-04-20T07:04:09 consumer processed case_id=977 event_id=977 processed=354
2026-04-20T07:04:09 consumer processed case_id=978 event_id=978 processed=355
2026-04-20T07:04:09 consumer processed case_id=979 event_id=979 processed=356
2026-04-20T07:04:09 consumer processed case_id=980 event_id=980 processed=357
2026-04-20T07:04:09 consumer processed case_id=981 event_id=981 processed=358
2026-04-20T07:04:09 consumer processed case_id=982 event_id=982 processed=359
2026-04-20T07:04:09 consumer processed case_id=983 event_id=983 processed=360
2026-04-20T07:04:09 consumer processed case_id=984 event_id=984 processed=361
2026-04-20T07:04:09 consumer processed case_id=985 event_id=985 processed=362
2026-04-20T07:04:09 consumer processed case_id=986 event_id=986 processed=363
2026-04-20T07:04:09 consumer processed case_id=987 event_id=987 processed=364
2026-04-20T07:04:09 consumer processed case_id=988 event_id=988 processed=365
2026-04-20T07:04:09 consumer processed case_id=989 event_id=989 processed=366
2026-04-20T07:04:09 consumer processed case_id=990 event_id=990 processed=367
2026-04-20T07:04:09 consumer processed case_id=991 event_id=991 processed=368
2026-04-20T07:04:09 consumer processed case_id=992 event_id=992 processed=369
2026-04-20T07:04:09 consumer processed case_id=993 event_id=993 processed=370
2026-04-20T07:04:09 consumer processed case_id=994 event_id=994 processed=371
2026-04-20T07:04:09 consumer processed case_id=995 event_id=995 processed=372
2026-04-20T07:04:09 consumer processed case_id=996 event_id=996 processed=373
2026-04-20T07:04:09 consumer processed case_id=997 event_id=997 processed=374
2026-04-20T07:04:09 consumer processed case_id=998 event_id=998 processed=375
2026-04-20T07:04:09 consumer processed case_id=999 event_id=999 processed=376
2026-04-20T07:04:09 consumer producer_complete_seen emitted_hint=1000 logical_hint=1000 seen_elapsed=6.821248
2026-04-20T07:04:11 consumer drain_complete processed=376 emitted_hint=1000 logical_hint=1000 quiet_for=2.011
