2026-04-20T06:18:06 consumer starting delivery_mode=transient enforcement_timing=immediate boundary=state_non_regression disturbance=interruption
2026-04-20T06:18:11 consumer latest_state_attained entity_id=0 version=3 attained=1
2026-04-20T06:18:11 consumer latest_state_attained entity_id=1 version=3 attained=2
2026-04-20T06:18:11 consumer latest_state_attained entity_id=2 version=3 attained=3
2026-04-20T06:18:11 consumer latest_state_attained entity_id=3 version=3 attained=4
2026-04-20T06:18:11 consumer latest_state_attained entity_id=4 version=3 attained=5
2026-04-20T06:18:11 consumer latest_state_attained entity_id=5 version=3 attained=6
2026-04-20T06:18:11 consumer latest_state_attained entity_id=6 version=3 attained=7
2026-04-20T06:18:11 consumer latest_state_attained entity_id=7 version=3 attained=8
2026-04-20T06:18:11 consumer latest_state_attained entity_id=8 version=3 attained=9
2026-04-20T06:18:11 consumer latest_state_attained entity_id=9 version=3 attained=10
2026-04-20T06:18:11 consumer latest_state_attained entity_id=10 version=3 attained=11
2026-04-20T06:18:11 consumer latest_state_attained entity_id=11 version=3 attained=12
2026-04-20T06:18:11 consumer latest_state_attained entity_id=12 version=3 attained=13
2026-04-20T06:18:11 consumer latest_state_attained entity_id=13 version=3 attained=14
2026-04-20T06:18:11 consumer latest_state_attained entity_id=14 version=3 attained=15
2026-04-20T06:18:11 consumer latest_state_attained entity_id=15 version=3 attained=16
2026-04-20T06:18:11 consumer latest_state_attained entity_id=16 version=3 attained=17
2026-04-20T06:18:11 consumer latest_state_attained entity_id=17 version=3 attained=18
2026-04-20T06:18:11 consumer latest_state_attained entity_id=18 version=3 attained=19
2026-04-20T06:18:11 consumer latest_state_attained entity_id=19 version=3 attained=20
2026-04-20T06:18:11 consumer latest_state_attained entity_id=20 version=3 attained=21
2026-04-20T06:18:11 consumer latest_state_attained entity_id=21 version=3 attained=22
2026-04-20T06:18:11 consumer latest_state_attained entity_id=22 version=3 attained=23
2026-04-20T06:18:11 consumer latest_state_attained entity_id=23 version=3 attained=24
2026-04-20T06:18:11 consumer latest_state_attained entity_id=24 version=3 attained=25
2026-04-20T06:18:11 consumer latest_state_attained entity_id=25 version=3 attained=26
2026-04-20T06:18:11 consumer latest_state_attained entity_id=26 version=3 attained=27
2026-04-20T06:18:11 consumer latest_state_attained entity_id=27 version=3 attained=28
2026-04-20T06:18:11 consumer latest_state_attained entity_id=28 version=3 attained=29
2026-04-20T06:18:11 consumer latest_state_attained entity_id=29 version=3 attained=30
2026-04-20T06:18:11 consumer latest_state_attained entity_id=30 version=3 attained=31
2026-04-20T06:18:11 consumer latest_state_attained entity_id=31 version=3 attained=32
2026-04-20T06:18:11 consumer latest_state_attained entity_id=32 version=3 attained=33
2026-04-20T06:18:11 consumer latest_state_attained entity_id=33 version=3 attained=34
2026-04-20T06:18:11 consumer latest_state_attained entity_id=34 version=3 attained=35
2026-04-20T06:18:11 consumer latest_state_attained entity_id=35 version=3 attained=36
2026-04-20T06:18:11 consumer latest_state_attained entity_id=36 version=3 attained=37
2026-04-20T06:18:11 consumer latest_state_attained entity_id=37 version=3 attained=38
2026-04-20T06:18:11 consumer latest_state_attained entity_id=38 version=3 attained=39
2026-04-20T06:18:11 consumer latest_state_attained entity_id=39 version=3 attained=40
2026-04-20T06:18:11 consumer latest_state_attained entity_id=40 version=3 attained=41
2026-04-20T06:18:11 consumer latest_state_attained entity_id=41 version=3 attained=42
2026-04-20T06:18:11 consumer latest_state_attained entity_id=42 version=3 attained=43
2026-04-20T06:18:11 consumer latest_state_attained entity_id=43 version=3 attained=44
2026-04-20T06:18:11 consumer latest_state_attained entity_id=44 version=3 attained=45
2026-04-20T06:18:11 consumer latest_state_attained entity_id=45 version=3 attained=46
2026-04-20T06:18:11 consumer latest_state_attained entity_id=46 version=3 attained=47
2026-04-20T06:18:11 consumer latest_state_attained entity_id=47 version=3 attained=48
2026-04-20T06:18:11 consumer latest_state_attained entity_id=48 version=3 attained=49
2026-04-20T06:18:11 consumer latest_state_attained entity_id=49 version=3 attained=50
2026-04-20T06:18:11 consumer latest_state_attained entity_id=50 version=3 attained=51
2026-04-20T06:18:11 consumer latest_state_attained entity_id=51 version=3 attained=52
2026-04-20T06:18:11 consumer latest_state_attained entity_id=52 version=3 attained=53
2026-04-20T06:18:11 consumer latest_state_attained entity_id=53 version=3 attained=54
2026-04-20T06:18:11 consumer latest_state_attained entity_id=54 version=3 attained=55
2026-04-20T06:18:11 consumer latest_state_attained entity_id=55 version=3 attained=56
2026-04-20T06:18:11 consumer latest_state_attained entity_id=56 version=3 attained=57
2026-04-20T06:18:11 consumer latest_state_attained entity_id=57 version=3 attained=58
2026-04-20T06:18:11 consumer latest_state_attained entity_id=58 version=3 attained=59
2026-04-20T06:18:11 consumer latest_state_attained entity_id=59 version=3 attained=60
2026-04-20T06:18:11 consumer latest_state_attained entity_id=60 version=3 attained=61
2026-04-20T06:18:11 consumer latest_state_attained entity_id=61 version=3 attained=62
2026-04-20T06:18:11 consumer latest_state_attained entity_id=62 version=3 attained=63
2026-04-20T06:18:11 consumer latest_state_attained entity_id=63 version=3 attained=64
2026-04-20T06:18:11 consumer latest_state_attained entity_id=64 version=3 attained=65
2026-04-20T06:18:11 consumer latest_state_attained entity_id=65 version=3 attained=66
2026-04-20T06:18:11 consumer latest_state_attained entity_id=66 version=3 attained=67
2026-04-20T06:18:11 consumer latest_state_attained entity_id=67 version=3 attained=68
2026-04-20T06:18:11 consumer latest_state_attained entity_id=68 version=3 attained=69
2026-04-20T06:18:11 consumer latest_state_attained entity_id=69 version=3 attained=70
2026-04-20T06:18:11 consumer latest_state_attained entity_id=70 version=3 attained=71
2026-04-20T06:18:11 consumer latest_state_attained entity_id=71 version=3 attained=72
2026-04-20T06:18:11 consumer latest_state_attained entity_id=72 version=3 attained=73
2026-04-20T06:18:11 consumer latest_state_attained entity_id=73 version=3 attained=74
2026-04-20T06:18:11 consumer latest_state_attained entity_id=74 version=3 attained=75
2026-04-20T06:18:11 consumer latest_state_attained entity_id=75 version=3 attained=76
2026-04-20T06:18:11 consumer latest_state_attained entity_id=76 version=3 attained=77
2026-04-20T06:18:11 consumer latest_state_attained entity_id=77 version=3 attained=78
2026-04-20T06:18:11 consumer latest_state_attained entity_id=78 version=3 attained=79
2026-04-20T06:18:11 consumer latest_state_attained entity_id=79 version=3 attained=80
2026-04-20T06:18:11 consumer latest_state_attained entity_id=80 version=3 attained=81
2026-04-20T06:18:11 consumer latest_state_attained entity_id=81 version=3 attained=82
2026-04-20T06:18:11 consumer latest_state_attained entity_id=82 version=3 attained=83
2026-04-20T06:18:11 consumer latest_state_attained entity_id=83 version=3 attained=84
2026-04-20T06:18:11 consumer latest_state_attained entity_id=84 version=3 attained=85
2026-04-20T06:18:11 consumer latest_state_attained entity_id=85 version=3 attained=86
2026-04-20T06:18:11 consumer latest_state_attained entity_id=86 version=3 attained=87
2026-04-20T06:18:11 consumer latest_state_attained entity_id=87 version=3 attained=88
2026-04-20T06:18:11 consumer latest_state_attained entity_id=88 version=3 attained=89
2026-04-20T06:18:11 consumer latest_state_attained entity_id=89 version=3 attained=90
2026-04-20T06:18:11 consumer latest_state_attained entity_id=90 version=3 attained=91
2026-04-20T06:18:11 consumer latest_state_attained entity_id=91 version=3 attained=92
2026-04-20T06:18:11 consumer latest_state_attained entity_id=92 version=3 attained=93
2026-04-20T06:18:11 consumer latest_state_attained entity_id=93 version=3 attained=94
2026-04-20T06:18:11 consumer latest_state_attained entity_id=94 version=3 attained=95
2026-04-20T06:18:11 consumer latest_state_attained entity_id=95 version=3 attained=96
2026-04-20T06:18:11 consumer latest_state_attained entity_id=96 version=3 attained=97
2026-04-20T06:18:11 consumer latest_state_attained entity_id=97 version=3 attained=98
2026-04-20T06:18:11 consumer latest_state_attained entity_id=98 version=3 attained=99
2026-04-20T06:18:11 consumer latest_state_attained entity_id=99 version=3 attained=100
2026-04-20T06:18:11 consumer latest_state_attained entity_id=100 version=3 attained=101
2026-04-20T06:18:11 consumer latest_state_attained entity_id=101 version=3 attained=102
2026-04-20T06:18:11 consumer latest_state_attained entity_id=102 version=3 attained=103
2026-04-20T06:18:11 consumer latest_state_attained entity_id=103 version=3 attained=104
2026-04-20T06:18:11 consumer latest_state_attained entity_id=104 version=3 attained=105
2026-04-20T06:18:11 consumer state_outage_drop entity_id=105 version=3 exposed_version=3
2026-04-20T06:18:11 consumer state_outage_drop entity_id=106 version=3 exposed_version=3
2026-04-20T06:18:11 consumer state_outage_drop entity_id=107 version=3 exposed_version=3
2026-04-20T06:18:11 consumer state_outage_drop entity_id=108 version=3 exposed_version=3
2026-04-20T06:18:11 consumer state_outage_drop entity_id=109 version=3 exposed_version=3
2026-04-20T06:18:11 consumer state_outage_drop entity_id=110 version=3 exposed_version=3
2026-04-20T06:18:11 consumer state_outage_drop entity_id=111 version=3 exposed_version=3
2026-04-20T06:18:11 consumer state_outage_drop entity_id=112 version=3 exposed_version=3
2026-04-20T06:18:11 consumer state_outage_drop entity_id=113 version=3 exposed_version=3
2026-04-20T06:18:11 consumer state_outage_drop entity_id=114 version=3 exposed_version=3
2026-04-20T06:18:11 consumer state_outage_drop entity_id=115 version=3 exposed_version=3
2026-04-20T06:18:11 consumer state_outage_drop entity_id=116 version=3 exposed_version=3
2026-04-20T06:18:11 consumer state_outage_drop entity_id=117 version=3 exposed_version=3
2026-04-20T06:18:11 consumer state_outage_drop entity_id=118 version=3 exposed_version=3
2026-04-20T06:18:11 consumer state_outage_drop entity_id=119 version=3 exposed_version=3
2026-04-20T06:18:11 consumer interruption_disconnect_active mode=progress_fraction reason=progress_fraction>=0.8 duration=2.400 state_drop_exposed_latest=True
2026-04-20T06:18:14 consumer interruption_disconnect_complete resubscribed=true
2026-04-20T06:18:14 consumer producer_complete_seen emitted_hint=300 logical_hint=300 seen_elapsed=7.661979
2026-04-20T06:18:14 consumer drain_complete processed=705 emitted_hint=300 logical_hint=300 quiet_for=2.406
