2026-04-20T07:19:58 consumer starting delivery_mode=transient enforcement_timing=immediate boundary=required_effect disturbance=interruption
2026-04-20T07:19:59 consumer processed case_id=0 event_id=0 processed=1
2026-04-20T07:19:59 consumer processed case_id=1 event_id=1 processed=2
2026-04-20T07:19:59 consumer processed case_id=2 event_id=2 processed=3
2026-04-20T07:19:59 consumer processed case_id=3 event_id=3 processed=4
2026-04-20T07:19:59 consumer processed case_id=4 event_id=4 processed=5
2026-04-20T07:19:59 consumer processed case_id=5 event_id=5 processed=6
2026-04-20T07:19:59 consumer processed case_id=6 event_id=6 processed=7
2026-04-20T07:19:59 consumer processed case_id=7 event_id=7 processed=8
2026-04-20T07:19:59 consumer processed case_id=8 event_id=8 processed=9
2026-04-20T07:19:59 consumer processed case_id=9 event_id=9 processed=10
2026-04-20T07:19:59 consumer processed case_id=10 event_id=10 processed=11
2026-04-20T07:19:59 consumer processed case_id=11 event_id=11 processed=12
2026-04-20T07:19:59 consumer processed case_id=12 event_id=12 processed=13
2026-04-20T07:19:59 consumer processed case_id=13 event_id=13 processed=14
2026-04-20T07:19:59 consumer processed case_id=14 event_id=14 processed=15
2026-04-20T07:19:59 consumer processed case_id=15 event_id=15 processed=16
2026-04-20T07:19:59 consumer processed case_id=16 event_id=16 processed=17
2026-04-20T07:19:59 consumer processed case_id=17 event_id=17 processed=18
2026-04-20T07:19:59 consumer processed case_id=18 event_id=18 processed=19
2026-04-20T07:19:59 consumer processed case_id=19 event_id=19 processed=20
2026-04-20T07:19:59 consumer processed case_id=20 event_id=20 processed=21
2026-04-20T07:19:59 consumer processed case_id=21 event_id=21 processed=22
2026-04-20T07:19:59 consumer processed case_id=22 event_id=22 processed=23
2026-04-20T07:19:59 consumer processed case_id=23 event_id=23 processed=24
2026-04-20T07:19:59 consumer processed case_id=24 event_id=24 processed=25
2026-04-20T07:19:59 consumer processed case_id=25 event_id=25 processed=26
2026-04-20T07:19:59 consumer processed case_id=26 event_id=26 processed=27
2026-04-20T07:19:59 consumer processed case_id=27 event_id=27 processed=28
2026-04-20T07:19:59 consumer processed case_id=28 event_id=28 processed=29
2026-04-20T07:19:59 consumer processed case_id=29 event_id=29 processed=30
2026-04-20T07:19:59 consumer processed case_id=30 event_id=30 processed=31
2026-04-20T07:19:59 consumer processed case_id=31 event_id=31 processed=32
2026-04-20T07:19:59 consumer processed case_id=32 event_id=32 processed=33
2026-04-20T07:19:59 consumer processed case_id=33 event_id=33 processed=34
2026-04-20T07:19:59 consumer processed case_id=34 event_id=34 processed=35
2026-04-20T07:19:59 consumer processed case_id=35 event_id=35 processed=36
2026-04-20T07:19:59 consumer processed case_id=36 event_id=36 processed=37
2026-04-20T07:19:59 consumer processed case_id=37 event_id=37 processed=38
2026-04-20T07:19:59 consumer processed case_id=38 event_id=38 processed=39
2026-04-20T07:19:59 consumer processed case_id=39 event_id=39 processed=40
2026-04-20T07:19:59 consumer processed case_id=40 event_id=40 processed=41
2026-04-20T07:19:59 consumer processed case_id=41 event_id=41 processed=42
2026-04-20T07:19:59 consumer processed case_id=42 event_id=42 processed=43
2026-04-20T07:19:59 consumer processed case_id=43 event_id=43 processed=44
2026-04-20T07:19:59 consumer processed case_id=44 event_id=44 processed=45
2026-04-20T07:19:59 consumer processed case_id=45 event_id=45 processed=46
2026-04-20T07:19:59 consumer processed case_id=46 event_id=46 processed=47
2026-04-20T07:19:59 consumer processed case_id=47 event_id=47 processed=48
2026-04-20T07:19:59 consumer processed case_id=48 event_id=48 processed=49
2026-04-20T07:19:59 consumer processed case_id=49 event_id=49 processed=50
2026-04-20T07:19:59 consumer processed case_id=50 event_id=50 processed=51
2026-04-20T07:19:59 consumer processed case_id=51 event_id=51 processed=52
2026-04-20T07:19:59 consumer processed case_id=52 event_id=52 processed=53
2026-04-20T07:19:59 consumer processed case_id=53 event_id=53 processed=54
2026-04-20T07:19:59 consumer processed case_id=54 event_id=54 processed=55
2026-04-20T07:19:59 consumer processed case_id=55 event_id=55 processed=56
2026-04-20T07:19:59 consumer processed case_id=56 event_id=56 processed=57
2026-04-20T07:19:59 consumer processed case_id=57 event_id=57 processed=58
2026-04-20T07:19:59 consumer processed case_id=58 event_id=58 processed=59
2026-04-20T07:20:00 consumer processed case_id=59 event_id=59 processed=60
2026-04-20T07:20:00 consumer processed case_id=60 event_id=60 processed=61
2026-04-20T07:20:00 consumer processed case_id=61 event_id=61 processed=62
2026-04-20T07:20:00 consumer processed case_id=62 event_id=62 processed=63
2026-04-20T07:20:00 consumer processed case_id=63 event_id=63 processed=64
2026-04-20T07:20:00 consumer processed case_id=64 event_id=64 processed=65
2026-04-20T07:20:00 consumer processed case_id=65 event_id=65 processed=66
2026-04-20T07:20:00 consumer processed case_id=66 event_id=66 processed=67
2026-04-20T07:20:00 consumer processed case_id=67 event_id=67 processed=68
2026-04-20T07:20:00 consumer processed case_id=68 event_id=68 processed=69
2026-04-20T07:20:00 consumer processed case_id=69 event_id=69 processed=70
2026-04-20T07:20:00 consumer processed case_id=70 event_id=70 processed=71
2026-04-20T07:20:00 consumer processed case_id=71 event_id=71 processed=72
2026-04-20T07:20:00 consumer processed case_id=72 event_id=72 processed=73
2026-04-20T07:20:00 consumer processed case_id=73 event_id=73 processed=74
2026-04-20T07:20:00 consumer processed case_id=74 event_id=74 processed=75
2026-04-20T07:20:00 consumer processed case_id=75 event_id=75 processed=76
2026-04-20T07:20:00 consumer processed case_id=76 event_id=76 processed=77
2026-04-20T07:20:00 consumer processed case_id=77 event_id=77 processed=78
2026-04-20T07:20:00 consumer processed case_id=78 event_id=78 processed=79
2026-04-20T07:20:00 consumer processed case_id=79 event_id=79 processed=80
2026-04-20T07:20:00 consumer processed case_id=80 event_id=80 processed=81
2026-04-20T07:20:00 consumer processed case_id=81 event_id=81 processed=82
2026-04-20T07:20:00 consumer processed case_id=82 event_id=82 processed=83
2026-04-20T07:20:00 consumer processed case_id=83 event_id=83 processed=84
2026-04-20T07:20:00 consumer processed case_id=84 event_id=84 processed=85
2026-04-20T07:20:00 consumer processed case_id=85 event_id=85 processed=86
2026-04-20T07:20:00 consumer processed case_id=86 event_id=86 processed=87
2026-04-20T07:20:00 consumer processed case_id=87 event_id=87 processed=88
2026-04-20T07:20:00 consumer processed case_id=88 event_id=88 processed=89
2026-04-20T07:20:00 consumer processed case_id=89 event_id=89 processed=90
2026-04-20T07:20:00 consumer processed case_id=90 event_id=90 processed=91
2026-04-20T07:20:00 consumer processed case_id=91 event_id=91 processed=92
2026-04-20T07:20:00 consumer processed case_id=92 event_id=92 processed=93
2026-04-20T07:20:00 consumer processed case_id=93 event_id=93 processed=94
2026-04-20T07:20:00 consumer processed case_id=94 event_id=94 processed=95
2026-04-20T07:20:00 consumer processed case_id=95 event_id=95 processed=96
2026-04-20T07:20:00 consumer processed case_id=96 event_id=96 processed=97
2026-04-20T07:20:00 consumer processed case_id=97 event_id=97 processed=98
2026-04-20T07:20:00 consumer interruption_disconnect_active mode=time_seconds reason=elapsed_seconds>=1.5 duration=5.000 state_drop_exposed_latest=False
2026-04-20T07:20:05 consumer interruption_disconnect_complete resubscribed=true
2026-04-20T07:20:05 consumer processed case_id=921 event_id=921 processed=99
2026-04-20T07:20:05 consumer processed case_id=922 event_id=922 processed=100
2026-04-20T07:20:05 consumer processed case_id=923 event_id=923 processed=101
2026-04-20T07:20:05 consumer processed case_id=924 event_id=924 processed=102
2026-04-20T07:20:05 consumer processed case_id=925 event_id=925 processed=103
2026-04-20T07:20:05 consumer processed case_id=926 event_id=926 processed=104
2026-04-20T07:20:05 consumer processed case_id=927 event_id=927 processed=105
2026-04-20T07:20:05 consumer processed case_id=928 event_id=928 processed=106
2026-04-20T07:20:05 consumer processed case_id=929 event_id=929 processed=107
2026-04-20T07:20:05 consumer processed case_id=930 event_id=930 processed=108
2026-04-20T07:20:05 consumer processed case_id=931 event_id=931 processed=109
2026-04-20T07:20:05 consumer processed case_id=932 event_id=932 processed=110
2026-04-20T07:20:05 consumer processed case_id=933 event_id=933 processed=111
2026-04-20T07:20:05 consumer processed case_id=934 event_id=934 processed=112
2026-04-20T07:20:05 consumer processed case_id=935 event_id=935 processed=113
2026-04-20T07:20:05 consumer processed case_id=936 event_id=936 processed=114
2026-04-20T07:20:05 consumer processed case_id=937 event_id=937 processed=115
2026-04-20T07:20:05 consumer processed case_id=938 event_id=938 processed=116
2026-04-20T07:20:05 consumer processed case_id=939 event_id=939 processed=117
2026-04-20T07:20:05 consumer processed case_id=940 event_id=940 processed=118
2026-04-20T07:20:05 consumer processed case_id=941 event_id=941 processed=119
2026-04-20T07:20:05 consumer processed case_id=942 event_id=942 processed=120
2026-04-20T07:20:05 consumer processed case_id=943 event_id=943 processed=121
2026-04-20T07:20:05 consumer processed case_id=944 event_id=944 processed=122
2026-04-20T07:20:05 consumer processed case_id=945 event_id=945 processed=123
2026-04-20T07:20:05 consumer processed case_id=946 event_id=946 processed=124
2026-04-20T07:20:05 consumer processed case_id=947 event_id=947 processed=125
2026-04-20T07:20:05 consumer processed case_id=948 event_id=948 processed=126
2026-04-20T07:20:05 consumer processed case_id=949 event_id=949 processed=127
2026-04-20T07:20:05 consumer processed case_id=950 event_id=950 processed=128
2026-04-20T07:20:05 consumer processed case_id=951 event_id=951 processed=129
2026-04-20T07:20:05 consumer processed case_id=952 event_id=952 processed=130
2026-04-20T07:20:05 consumer processed case_id=953 event_id=953 processed=131
2026-04-20T07:20:05 consumer processed case_id=954 event_id=954 processed=132
2026-04-20T07:20:05 consumer processed case_id=955 event_id=955 processed=133
2026-04-20T07:20:05 consumer processed case_id=956 event_id=956 processed=134
2026-04-20T07:20:05 consumer processed case_id=957 event_id=957 processed=135
2026-04-20T07:20:05 consumer processed case_id=958 event_id=958 processed=136
2026-04-20T07:20:05 consumer processed case_id=959 event_id=959 processed=137
2026-04-20T07:20:05 consumer processed case_id=960 event_id=960 processed=138
2026-04-20T07:20:05 consumer processed case_id=961 event_id=961 processed=139
2026-04-20T07:20:05 consumer processed case_id=962 event_id=962 processed=140
2026-04-20T07:20:05 consumer processed case_id=963 event_id=963 processed=141
2026-04-20T07:20:05 consumer processed case_id=964 event_id=964 processed=142
2026-04-20T07:20:05 consumer processed case_id=965 event_id=965 processed=143
2026-04-20T07:20:05 consumer processed case_id=966 event_id=966 processed=144
2026-04-20T07:20:05 consumer processed case_id=967 event_id=967 processed=145
2026-04-20T07:20:05 consumer processed case_id=968 event_id=968 processed=146
2026-04-20T07:20:05 consumer processed case_id=969 event_id=969 processed=147
2026-04-20T07:20:05 consumer processed case_id=970 event_id=970 processed=148
2026-04-20T07:20:05 consumer processed case_id=971 event_id=971 processed=149
2026-04-20T07:20:05 consumer processed case_id=972 event_id=972 processed=150
2026-04-20T07:20:05 consumer processed case_id=973 event_id=973 processed=151
2026-04-20T07:20:05 consumer processed case_id=974 event_id=974 processed=152
2026-04-20T07:20:05 consumer processed case_id=975 event_id=975 processed=153
2026-04-20T07:20:05 consumer processed case_id=976 event_id=976 processed=154
2026-04-20T07:20:05 consumer processed case_id=977 event_id=977 processed=155
2026-04-20T07:20:05 consumer processed case_id=978 event_id=978 processed=156
2026-04-20T07:20:05 consumer processed case_id=979 event_id=979 processed=157
2026-04-20T07:20:05 consumer processed case_id=980 event_id=980 processed=158
2026-04-20T07:20:05 consumer processed case_id=981 event_id=981 processed=159
2026-04-20T07:20:05 consumer processed case_id=982 event_id=982 processed=160
2026-04-20T07:20:05 consumer processed case_id=983 event_id=983 processed=161
2026-04-20T07:20:05 consumer processed case_id=984 event_id=984 processed=162
2026-04-20T07:20:05 consumer processed case_id=985 event_id=985 processed=163
2026-04-20T07:20:05 consumer processed case_id=986 event_id=986 processed=164
2026-04-20T07:20:05 consumer processed case_id=987 event_id=987 processed=165
2026-04-20T07:20:05 consumer processed case_id=988 event_id=988 processed=166
2026-04-20T07:20:05 consumer processed case_id=989 event_id=989 processed=167
2026-04-20T07:20:05 consumer processed case_id=990 event_id=990 processed=168
2026-04-20T07:20:05 consumer processed case_id=991 event_id=991 processed=169
2026-04-20T07:20:05 consumer processed case_id=992 event_id=992 processed=170
2026-04-20T07:20:05 consumer processed case_id=993 event_id=993 processed=171
2026-04-20T07:20:05 consumer processed case_id=994 event_id=994 processed=172
2026-04-20T07:20:05 consumer processed case_id=995 event_id=995 processed=173
2026-04-20T07:20:05 consumer processed case_id=996 event_id=996 processed=174
2026-04-20T07:20:05 consumer processed case_id=997 event_id=997 processed=175
2026-04-20T07:20:05 consumer processed case_id=998 event_id=998 processed=176
2026-04-20T07:20:05 consumer processed case_id=999 event_id=999 processed=177
2026-04-20T07:20:05 consumer producer_complete_seen emitted_hint=1000 logical_hint=1000 seen_elapsed=7.072168
2026-04-20T07:20:07 consumer drain_complete processed=177 emitted_hint=1000 logical_hint=1000 quiet_for=2.013
