2026-04-20T07:04:26 consumer starting delivery_mode=transient enforcement_timing=immediate boundary=required_effect disturbance=interruption
2026-04-20T07:04:27 consumer processed case_id=0 event_id=0 processed=1
2026-04-20T07:04:27 consumer processed case_id=1 event_id=1 processed=2
2026-04-20T07:04:27 consumer processed case_id=2 event_id=2 processed=3
2026-04-20T07:04:27 consumer processed case_id=3 event_id=3 processed=4
2026-04-20T07:04:27 consumer processed case_id=4 event_id=4 processed=5
2026-04-20T07:04:27 consumer processed case_id=5 event_id=5 processed=6
2026-04-20T07:04:27 consumer processed case_id=6 event_id=6 processed=7
2026-04-20T07:04:27 consumer processed case_id=7 event_id=7 processed=8
2026-04-20T07:04:27 consumer processed case_id=8 event_id=8 processed=9
2026-04-20T07:04:27 consumer processed case_id=9 event_id=9 processed=10
2026-04-20T07:04:27 consumer processed case_id=10 event_id=10 processed=11
2026-04-20T07:04:27 consumer processed case_id=11 event_id=11 processed=12
2026-04-20T07:04:27 consumer processed case_id=12 event_id=12 processed=13
2026-04-20T07:04:27 consumer processed case_id=13 event_id=13 processed=14
2026-04-20T07:04:27 consumer processed case_id=14 event_id=14 processed=15
2026-04-20T07:04:27 consumer processed case_id=15 event_id=15 processed=16
2026-04-20T07:04:27 consumer processed case_id=16 event_id=16 processed=17
2026-04-20T07:04:27 consumer processed case_id=17 event_id=17 processed=18
2026-04-20T07:04:27 consumer processed case_id=18 event_id=18 processed=19
2026-04-20T07:04:27 consumer processed case_id=19 event_id=19 processed=20
2026-04-20T07:04:27 consumer processed case_id=20 event_id=20 processed=21
2026-04-20T07:04:27 consumer processed case_id=21 event_id=21 processed=22
2026-04-20T07:04:27 consumer processed case_id=22 event_id=22 processed=23
2026-04-20T07:04:27 consumer processed case_id=23 event_id=23 processed=24
2026-04-20T07:04:27 consumer processed case_id=24 event_id=24 processed=25
2026-04-20T07:04:27 consumer processed case_id=25 event_id=25 processed=26
2026-04-20T07:04:27 consumer processed case_id=26 event_id=26 processed=27
2026-04-20T07:04:27 consumer processed case_id=27 event_id=27 processed=28
2026-04-20T07:04:27 consumer processed case_id=28 event_id=28 processed=29
2026-04-20T07:04:27 consumer processed case_id=29 event_id=29 processed=30
2026-04-20T07:04:27 consumer processed case_id=30 event_id=30 processed=31
2026-04-20T07:04:27 consumer processed case_id=31 event_id=31 processed=32
2026-04-20T07:04:27 consumer processed case_id=32 event_id=32 processed=33
2026-04-20T07:04:27 consumer processed case_id=33 event_id=33 processed=34
2026-04-20T07:04:27 consumer processed case_id=34 event_id=34 processed=35
2026-04-20T07:04:27 consumer processed case_id=35 event_id=35 processed=36
2026-04-20T07:04:27 consumer processed case_id=36 event_id=36 processed=37
2026-04-20T07:04:27 consumer processed case_id=37 event_id=37 processed=38
2026-04-20T07:04:27 consumer processed case_id=38 event_id=38 processed=39
2026-04-20T07:04:27 consumer processed case_id=39 event_id=39 processed=40
2026-04-20T07:04:27 consumer processed case_id=40 event_id=40 processed=41
2026-04-20T07:04:27 consumer processed case_id=41 event_id=41 processed=42
2026-04-20T07:04:27 consumer processed case_id=42 event_id=42 processed=43
2026-04-20T07:04:27 consumer processed case_id=43 event_id=43 processed=44
2026-04-20T07:04:27 consumer processed case_id=44 event_id=44 processed=45
2026-04-20T07:04:27 consumer processed case_id=45 event_id=45 processed=46
2026-04-20T07:04:27 consumer processed case_id=46 event_id=46 processed=47
2026-04-20T07:04:27 consumer processed case_id=47 event_id=47 processed=48
2026-04-20T07:04:27 consumer processed case_id=48 event_id=48 processed=49
2026-04-20T07:04:27 consumer processed case_id=49 event_id=49 processed=50
2026-04-20T07:04:27 consumer processed case_id=50 event_id=50 processed=51
2026-04-20T07:04:27 consumer processed case_id=51 event_id=51 processed=52
2026-04-20T07:04:27 consumer processed case_id=52 event_id=52 processed=53
2026-04-20T07:04:27 consumer processed case_id=53 event_id=53 processed=54
2026-04-20T07:04:27 consumer processed case_id=54 event_id=54 processed=55
2026-04-20T07:04:27 consumer processed case_id=55 event_id=55 processed=56
2026-04-20T07:04:27 consumer processed case_id=56 event_id=56 processed=57
2026-04-20T07:04:27 consumer processed case_id=57 event_id=57 processed=58
2026-04-20T07:04:27 consumer processed case_id=58 event_id=58 processed=59
2026-04-20T07:04:27 consumer processed case_id=59 event_id=59 processed=60
2026-04-20T07:04:27 consumer processed case_id=60 event_id=60 processed=61
2026-04-20T07:04:27 consumer processed case_id=61 event_id=61 processed=62
2026-04-20T07:04:27 consumer processed case_id=62 event_id=62 processed=63
2026-04-20T07:04:27 consumer processed case_id=63 event_id=63 processed=64
2026-04-20T07:04:27 consumer processed case_id=64 event_id=64 processed=65
2026-04-20T07:04:27 consumer processed case_id=65 event_id=65 processed=66
2026-04-20T07:04:27 consumer processed case_id=66 event_id=66 processed=67
2026-04-20T07:04:27 consumer processed case_id=67 event_id=67 processed=68
2026-04-20T07:04:27 consumer processed case_id=68 event_id=68 processed=69
2026-04-20T07:04:27 consumer processed case_id=69 event_id=69 processed=70
2026-04-20T07:04:27 consumer processed case_id=70 event_id=70 processed=71
2026-04-20T07:04:27 consumer processed case_id=71 event_id=71 processed=72
2026-04-20T07:04:27 consumer processed case_id=72 event_id=72 processed=73
2026-04-20T07:04:27 consumer processed case_id=73 event_id=73 processed=74
2026-04-20T07:04:27 consumer processed case_id=74 event_id=74 processed=75
2026-04-20T07:04:27 consumer processed case_id=75 event_id=75 processed=76
2026-04-20T07:04:27 consumer processed case_id=76 event_id=76 processed=77
2026-04-20T07:04:27 consumer processed case_id=77 event_id=77 processed=78
2026-04-20T07:04:27 consumer processed case_id=78 event_id=78 processed=79
2026-04-20T07:04:27 consumer processed case_id=79 event_id=79 processed=80
2026-04-20T07:04:27 consumer processed case_id=80 event_id=80 processed=81
2026-04-20T07:04:27 consumer processed case_id=81 event_id=81 processed=82
2026-04-20T07:04:27 consumer processed case_id=82 event_id=82 processed=83
2026-04-20T07:04:27 consumer processed case_id=83 event_id=83 processed=84
2026-04-20T07:04:27 consumer processed case_id=84 event_id=84 processed=85
2026-04-20T07:04:27 consumer processed case_id=85 event_id=85 processed=86
2026-04-20T07:04:27 consumer processed case_id=86 event_id=86 processed=87
2026-04-20T07:04:27 consumer processed case_id=87 event_id=87 processed=88
2026-04-20T07:04:27 consumer processed case_id=88 event_id=88 processed=89
2026-04-20T07:04:27 consumer processed case_id=89 event_id=89 processed=90
2026-04-20T07:04:27 consumer processed case_id=90 event_id=90 processed=91
2026-04-20T07:04:27 consumer processed case_id=91 event_id=91 processed=92
2026-04-20T07:04:27 consumer processed case_id=92 event_id=92 processed=93
2026-04-20T07:04:27 consumer processed case_id=93 event_id=93 processed=94
2026-04-20T07:04:27 consumer processed case_id=94 event_id=94 processed=95
2026-04-20T07:04:27 consumer processed case_id=95 event_id=95 processed=96
2026-04-20T07:04:27 consumer processed case_id=96 event_id=96 processed=97
2026-04-20T07:04:28 consumer processed case_id=97 event_id=97 processed=98
2026-04-20T07:04:28 consumer processed case_id=98 event_id=98 processed=99
2026-04-20T07:04:28 consumer processed case_id=99 event_id=99 processed=100
2026-04-20T07:04:28 consumer processed case_id=100 event_id=100 processed=101
2026-04-20T07:04:28 consumer processed case_id=101 event_id=101 processed=102
2026-04-20T07:04:28 consumer processed case_id=102 event_id=102 processed=103
2026-04-20T07:04:28 consumer processed case_id=103 event_id=103 processed=104
2026-04-20T07:04:28 consumer processed case_id=104 event_id=104 processed=105
2026-04-20T07:04:28 consumer processed case_id=105 event_id=105 processed=106
2026-04-20T07:04:28 consumer processed case_id=106 event_id=106 processed=107
2026-04-20T07:04:28 consumer processed case_id=107 event_id=107 processed=108
2026-04-20T07:04:28 consumer processed case_id=108 event_id=108 processed=109
2026-04-20T07:04:28 consumer processed case_id=109 event_id=109 processed=110
2026-04-20T07:04:28 consumer processed case_id=110 event_id=110 processed=111
2026-04-20T07:04:28 consumer processed case_id=111 event_id=111 processed=112
2026-04-20T07:04:28 consumer processed case_id=112 event_id=112 processed=113
2026-04-20T07:04:28 consumer processed case_id=113 event_id=113 processed=114
2026-04-20T07:04:28 consumer processed case_id=114 event_id=114 processed=115
2026-04-20T07:04:28 consumer processed case_id=115 event_id=115 processed=116
2026-04-20T07:04:28 consumer processed case_id=116 event_id=116 processed=117
2026-04-20T07:04:28 consumer processed case_id=117 event_id=117 processed=118
2026-04-20T07:04:28 consumer processed case_id=118 event_id=118 processed=119
2026-04-20T07:04:28 consumer processed case_id=119 event_id=119 processed=120
2026-04-20T07:04:28 consumer processed case_id=120 event_id=120 processed=121
2026-04-20T07:04:28 consumer processed case_id=121 event_id=121 processed=122
2026-04-20T07:04:28 consumer processed case_id=122 event_id=122 processed=123
2026-04-20T07:04:28 consumer processed case_id=123 event_id=123 processed=124
2026-04-20T07:04:28 consumer processed case_id=124 event_id=124 processed=125
2026-04-20T07:04:28 consumer processed case_id=125 event_id=125 processed=126
2026-04-20T07:04:28 consumer processed case_id=126 event_id=126 processed=127
2026-04-20T07:04:28 consumer processed case_id=127 event_id=127 processed=128
2026-04-20T07:04:28 consumer processed case_id=128 event_id=128 processed=129
2026-04-20T07:04:28 consumer processed case_id=129 event_id=129 processed=130
2026-04-20T07:04:28 consumer processed case_id=130 event_id=130 processed=131
2026-04-20T07:04:28 consumer processed case_id=131 event_id=131 processed=132
2026-04-20T07:04:28 consumer processed case_id=132 event_id=132 processed=133
2026-04-20T07:04:28 consumer processed case_id=133 event_id=133 processed=134
2026-04-20T07:04:28 consumer processed case_id=134 event_id=134 processed=135
2026-04-20T07:04:28 consumer processed case_id=135 event_id=135 processed=136
2026-04-20T07:04:28 consumer processed case_id=136 event_id=136 processed=137
2026-04-20T07:04:28 consumer processed case_id=137 event_id=137 processed=138
2026-04-20T07:04:28 consumer processed case_id=138 event_id=138 processed=139
2026-04-20T07:04:28 consumer processed case_id=139 event_id=139 processed=140
2026-04-20T07:04:28 consumer processed case_id=140 event_id=140 processed=141
2026-04-20T07:04:28 consumer processed case_id=141 event_id=141 processed=142
2026-04-20T07:04:28 consumer processed case_id=142 event_id=142 processed=143
2026-04-20T07:04:28 consumer processed case_id=143 event_id=143 processed=144
2026-04-20T07:04:28 consumer processed case_id=144 event_id=144 processed=145
2026-04-20T07:04:28 consumer processed case_id=145 event_id=145 processed=146
2026-04-20T07:04:28 consumer processed case_id=146 event_id=146 processed=147
2026-04-20T07:04:28 consumer processed case_id=147 event_id=147 processed=148
2026-04-20T07:04:28 consumer processed case_id=148 event_id=148 processed=149
2026-04-20T07:04:28 consumer processed case_id=149 event_id=149 processed=150
2026-04-20T07:04:28 consumer processed case_id=150 event_id=150 processed=151
2026-04-20T07:04:28 consumer processed case_id=151 event_id=151 processed=152
2026-04-20T07:04:28 consumer processed case_id=152 event_id=152 processed=153
2026-04-20T07:04:28 consumer processed case_id=153 event_id=153 processed=154
2026-04-20T07:04:28 consumer processed case_id=154 event_id=154 processed=155
2026-04-20T07:04:28 consumer processed case_id=155 event_id=155 processed=156
2026-04-20T07:04:28 consumer processed case_id=156 event_id=156 processed=157
2026-04-20T07:04:28 consumer processed case_id=157 event_id=157 processed=158
2026-04-20T07:04:28 consumer processed case_id=158 event_id=158 processed=159
2026-04-20T07:04:28 consumer processed case_id=159 event_id=159 processed=160
2026-04-20T07:04:28 consumer processed case_id=160 event_id=160 processed=161
2026-04-20T07:04:28 consumer processed case_id=161 event_id=161 processed=162
2026-04-20T07:04:28 consumer processed case_id=162 event_id=162 processed=163
2026-04-20T07:04:28 consumer processed case_id=163 event_id=163 processed=164
2026-04-20T07:04:28 consumer processed case_id=164 event_id=164 processed=165
2026-04-20T07:04:28 consumer processed case_id=165 event_id=165 processed=166
2026-04-20T07:04:28 consumer processed case_id=166 event_id=166 processed=167
2026-04-20T07:04:28 consumer processed case_id=167 event_id=167 processed=168
2026-04-20T07:04:28 consumer interruption_disconnect_active mode=time_seconds reason=elapsed_seconds>=2.0 duration=3.500 state_drop_exposed_latest=False
2026-04-20T07:04:32 consumer interruption_disconnect_complete resubscribed=true
2026-04-20T07:04:32 consumer processed case_id=529 event_id=529 processed=169
2026-04-20T07:04:32 consumer processed case_id=530 event_id=530 processed=170
2026-04-20T07:04:32 consumer processed case_id=531 event_id=531 processed=171
2026-04-20T07:04:32 consumer processed case_id=532 event_id=532 processed=172
2026-04-20T07:04:32 consumer processed case_id=533 event_id=533 processed=173
2026-04-20T07:04:32 consumer processed case_id=534 event_id=534 processed=174
2026-04-20T07:04:32 consumer processed case_id=535 event_id=535 processed=175
2026-04-20T07:04:32 consumer processed case_id=536 event_id=536 processed=176
2026-04-20T07:04:32 consumer processed case_id=537 event_id=537 processed=177
2026-04-20T07:04:32 consumer processed case_id=538 event_id=538 processed=178
2026-04-20T07:04:32 consumer processed case_id=539 event_id=539 processed=179
2026-04-20T07:04:32 consumer processed case_id=540 event_id=540 processed=180
2026-04-20T07:04:32 consumer processed case_id=541 event_id=541 processed=181
2026-04-20T07:04:32 consumer processed case_id=542 event_id=542 processed=182
2026-04-20T07:04:32 consumer processed case_id=543 event_id=543 processed=183
2026-04-20T07:04:32 consumer processed case_id=544 event_id=544 processed=184
2026-04-20T07:04:32 consumer processed case_id=545 event_id=545 processed=185
2026-04-20T07:04:32 consumer processed case_id=546 event_id=546 processed=186
2026-04-20T07:04:32 consumer processed case_id=547 event_id=547 processed=187
2026-04-20T07:04:32 consumer processed case_id=548 event_id=548 processed=188
2026-04-20T07:04:32 consumer processed case_id=549 event_id=549 processed=189
2026-04-20T07:04:32 consumer processed case_id=550 event_id=550 processed=190
2026-04-20T07:04:32 consumer processed case_id=551 event_id=551 processed=191
2026-04-20T07:04:32 consumer processed case_id=552 event_id=552 processed=192
2026-04-20T07:04:32 consumer processed case_id=553 event_id=553 processed=193
2026-04-20T07:04:32 consumer processed case_id=554 event_id=554 processed=194
2026-04-20T07:04:32 consumer processed case_id=555 event_id=555 processed=195
2026-04-20T07:04:32 consumer processed case_id=556 event_id=556 processed=196
2026-04-20T07:04:32 consumer processed case_id=557 event_id=557 processed=197
2026-04-20T07:04:32 consumer processed case_id=558 event_id=558 processed=198
2026-04-20T07:04:32 consumer processed case_id=559 event_id=559 processed=199
2026-04-20T07:04:32 consumer processed case_id=560 event_id=560 processed=200
2026-04-20T07:04:32 consumer processed case_id=561 event_id=561 processed=201
2026-04-20T07:04:32 consumer processed case_id=562 event_id=562 processed=202
2026-04-20T07:04:32 consumer processed case_id=563 event_id=563 processed=203
2026-04-20T07:04:32 consumer processed case_id=564 event_id=564 processed=204
2026-04-20T07:04:32 consumer processed case_id=565 event_id=565 processed=205
2026-04-20T07:04:32 consumer processed case_id=566 event_id=566 processed=206
2026-04-20T07:04:32 consumer processed case_id=567 event_id=567 processed=207
2026-04-20T07:04:32 consumer processed case_id=568 event_id=568 processed=208
2026-04-20T07:04:32 consumer processed case_id=569 event_id=569 processed=209
2026-04-20T07:04:32 consumer processed case_id=570 event_id=570 processed=210
2026-04-20T07:04:32 consumer processed case_id=571 event_id=571 processed=211
2026-04-20T07:04:32 consumer processed case_id=572 event_id=572 processed=212
2026-04-20T07:04:32 consumer processed case_id=573 event_id=573 processed=213
2026-04-20T07:04:32 consumer processed case_id=574 event_id=574 processed=214
2026-04-20T07:04:32 consumer processed case_id=575 event_id=575 processed=215
2026-04-20T07:04:32 consumer processed case_id=576 event_id=576 processed=216
2026-04-20T07:04:32 consumer processed case_id=577 event_id=577 processed=217
2026-04-20T07:04:32 consumer processed case_id=578 event_id=578 processed=218
2026-04-20T07:04:32 consumer processed case_id=579 event_id=579 processed=219
2026-04-20T07:04:32 consumer processed case_id=580 event_id=580 processed=220
2026-04-20T07:04:32 consumer processed case_id=581 event_id=581 processed=221
2026-04-20T07:04:32 consumer processed case_id=582 event_id=582 processed=222
2026-04-20T07:04:32 consumer processed case_id=583 event_id=583 processed=223
2026-04-20T07:04:32 consumer processed case_id=584 event_id=584 processed=224
2026-04-20T07:04:32 consumer processed case_id=585 event_id=585 processed=225
2026-04-20T07:04:32 consumer processed case_id=586 event_id=586 processed=226
2026-04-20T07:04:32 consumer processed case_id=587 event_id=587 processed=227
2026-04-20T07:04:32 consumer processed case_id=588 event_id=588 processed=228
2026-04-20T07:04:32 consumer processed case_id=589 event_id=589 processed=229
2026-04-20T07:04:32 consumer processed case_id=590 event_id=590 processed=230
2026-04-20T07:04:32 consumer processed case_id=591 event_id=591 processed=231
2026-04-20T07:04:32 consumer processed case_id=592 event_id=592 processed=232
2026-04-20T07:04:32 consumer processed case_id=593 event_id=593 processed=233
2026-04-20T07:04:32 consumer processed case_id=594 event_id=594 processed=234
2026-04-20T07:04:32 consumer processed case_id=595 event_id=595 processed=235
2026-04-20T07:04:32 consumer processed case_id=596 event_id=596 processed=236
2026-04-20T07:04:32 consumer processed case_id=597 event_id=597 processed=237
2026-04-20T07:04:32 consumer processed case_id=598 event_id=598 processed=238
2026-04-20T07:04:32 consumer processed case_id=599 event_id=599 processed=239
2026-04-20T07:04:32 consumer processed case_id=600 event_id=600 processed=240
2026-04-20T07:04:32 consumer processed case_id=601 event_id=601 processed=241
2026-04-20T07:04:32 consumer processed case_id=602 event_id=602 processed=242
2026-04-20T07:04:32 consumer processed case_id=603 event_id=603 processed=243
2026-04-20T07:04:32 consumer processed case_id=604 event_id=604 processed=244
2026-04-20T07:04:32 consumer processed case_id=605 event_id=605 processed=245
2026-04-20T07:04:32 consumer processed case_id=606 event_id=606 processed=246
2026-04-20T07:04:32 consumer processed case_id=607 event_id=607 processed=247
2026-04-20T07:04:32 consumer processed case_id=608 event_id=608 processed=248
2026-04-20T07:04:32 consumer processed case_id=609 event_id=609 processed=249
2026-04-20T07:04:32 consumer processed case_id=610 event_id=610 processed=250
2026-04-20T07:04:32 consumer processed case_id=611 event_id=611 processed=251
2026-04-20T07:04:32 consumer processed case_id=612 event_id=612 processed=252
2026-04-20T07:04:32 consumer processed case_id=613 event_id=613 processed=253
2026-04-20T07:04:32 consumer processed case_id=614 event_id=614 processed=254
2026-04-20T07:04:32 consumer processed case_id=615 event_id=615 processed=255
2026-04-20T07:04:32 consumer processed case_id=616 event_id=616 processed=256
2026-04-20T07:04:32 consumer processed case_id=617 event_id=617 processed=257
2026-04-20T07:04:32 consumer processed case_id=618 event_id=618 processed=258
2026-04-20T07:04:32 consumer processed case_id=619 event_id=619 processed=259
2026-04-20T07:04:32 consumer processed case_id=620 event_id=620 processed=260
2026-04-20T07:04:32 consumer processed case_id=621 event_id=621 processed=261
2026-04-20T07:04:32 consumer processed case_id=622 event_id=622 processed=262
2026-04-20T07:04:32 consumer processed case_id=623 event_id=623 processed=263
2026-04-20T07:04:32 consumer processed case_id=624 event_id=624 processed=264
2026-04-20T07:04:32 consumer processed case_id=625 event_id=625 processed=265
2026-04-20T07:04:32 consumer processed case_id=626 event_id=626 processed=266
2026-04-20T07:04:32 consumer processed case_id=627 event_id=627 processed=267
2026-04-20T07:04:32 consumer processed case_id=628 event_id=628 processed=268
2026-04-20T07:04:32 consumer processed case_id=629 event_id=629 processed=269
2026-04-20T07:04:32 consumer processed case_id=630 event_id=630 processed=270
2026-04-20T07:04:32 consumer processed case_id=631 event_id=631 processed=271
2026-04-20T07:04:32 consumer processed case_id=632 event_id=632 processed=272
2026-04-20T07:04:32 consumer processed case_id=633 event_id=633 processed=273
2026-04-20T07:04:32 consumer processed case_id=634 event_id=634 processed=274
2026-04-20T07:04:32 consumer processed case_id=635 event_id=635 processed=275
2026-04-20T07:04:32 consumer processed case_id=636 event_id=636 processed=276
2026-04-20T07:04:32 consumer processed case_id=637 event_id=637 processed=277
2026-04-20T07:04:32 consumer processed case_id=638 event_id=638 processed=278
2026-04-20T07:04:32 consumer processed case_id=639 event_id=639 processed=279
2026-04-20T07:04:32 consumer processed case_id=640 event_id=640 processed=280
2026-04-20T07:04:32 consumer processed case_id=641 event_id=641 processed=281
2026-04-20T07:04:32 consumer processed case_id=642 event_id=642 processed=282
2026-04-20T07:04:32 consumer processed case_id=643 event_id=643 processed=283
2026-04-20T07:04:32 consumer processed case_id=644 event_id=644 processed=284
2026-04-20T07:04:32 consumer processed case_id=645 event_id=645 processed=285
2026-04-20T07:04:32 consumer processed case_id=646 event_id=646 processed=286
2026-04-20T07:04:32 consumer processed case_id=647 event_id=647 processed=287
2026-04-20T07:04:32 consumer processed case_id=648 event_id=648 processed=288
2026-04-20T07:04:32 consumer processed case_id=649 event_id=649 processed=289
2026-04-20T07:04:32 consumer processed case_id=650 event_id=650 processed=290
2026-04-20T07:04:32 consumer processed case_id=651 event_id=651 processed=291
2026-04-20T07:04:32 consumer processed case_id=652 event_id=652 processed=292
2026-04-20T07:04:32 consumer processed case_id=653 event_id=653 processed=293
2026-04-20T07:04:32 consumer processed case_id=654 event_id=654 processed=294
2026-04-20T07:04:32 consumer processed case_id=655 event_id=655 processed=295
2026-04-20T07:04:32 consumer processed case_id=656 event_id=656 processed=296
2026-04-20T07:04:32 consumer processed case_id=657 event_id=657 processed=297
2026-04-20T07:04:32 consumer processed case_id=658 event_id=658 processed=298
2026-04-20T07:04:32 consumer processed case_id=659 event_id=659 processed=299
2026-04-20T07:04:32 consumer processed case_id=660 event_id=660 processed=300
2026-04-20T07:04:32 consumer processed case_id=661 event_id=661 processed=301
2026-04-20T07:04:32 consumer processed case_id=662 event_id=662 processed=302
2026-04-20T07:04:32 consumer processed case_id=663 event_id=663 processed=303
2026-04-20T07:04:32 consumer processed case_id=664 event_id=664 processed=304
2026-04-20T07:04:32 consumer processed case_id=665 event_id=665 processed=305
2026-04-20T07:04:32 consumer processed case_id=666 event_id=666 processed=306
2026-04-20T07:04:32 consumer processed case_id=667 event_id=667 processed=307
2026-04-20T07:04:32 consumer processed case_id=668 event_id=668 processed=308
2026-04-20T07:04:32 consumer processed case_id=669 event_id=669 processed=309
2026-04-20T07:04:32 consumer processed case_id=670 event_id=670 processed=310
2026-04-20T07:04:32 consumer processed case_id=671 event_id=671 processed=311
2026-04-20T07:04:32 consumer processed case_id=672 event_id=672 processed=312
2026-04-20T07:04:32 consumer processed case_id=673 event_id=673 processed=313
2026-04-20T07:04:32 consumer processed case_id=674 event_id=674 processed=314
2026-04-20T07:04:32 consumer processed case_id=675 event_id=675 processed=315
2026-04-20T07:04:32 consumer processed case_id=676 event_id=676 processed=316
2026-04-20T07:04:32 consumer processed case_id=677 event_id=677 processed=317
2026-04-20T07:04:32 consumer processed case_id=678 event_id=678 processed=318
2026-04-20T07:04:32 consumer processed case_id=679 event_id=679 processed=319
2026-04-20T07:04:32 consumer processed case_id=680 event_id=680 processed=320
2026-04-20T07:04:32 consumer processed case_id=681 event_id=681 processed=321
2026-04-20T07:04:32 consumer processed case_id=682 event_id=682 processed=322
2026-04-20T07:04:32 consumer processed case_id=683 event_id=683 processed=323
2026-04-20T07:04:32 consumer processed case_id=684 event_id=684 processed=324
2026-04-20T07:04:32 consumer processed case_id=685 event_id=685 processed=325
2026-04-20T07:04:32 consumer processed case_id=686 event_id=686 processed=326
2026-04-20T07:04:32 consumer processed case_id=687 event_id=687 processed=327
2026-04-20T07:04:32 consumer processed case_id=688 event_id=688 processed=328
2026-04-20T07:04:32 consumer processed case_id=689 event_id=689 processed=329
2026-04-20T07:04:32 consumer processed case_id=690 event_id=690 processed=330
2026-04-20T07:04:32 consumer processed case_id=691 event_id=691 processed=331
2026-04-20T07:04:32 consumer processed case_id=692 event_id=692 processed=332
2026-04-20T07:04:32 consumer processed case_id=693 event_id=693 processed=333
2026-04-20T07:04:32 consumer processed case_id=694 event_id=694 processed=334
2026-04-20T07:04:32 consumer processed case_id=695 event_id=695 processed=335
2026-04-20T07:04:33 consumer processed case_id=696 event_id=696 processed=336
2026-04-20T07:04:33 consumer processed case_id=697 event_id=697 processed=337
2026-04-20T07:04:33 consumer processed case_id=698 event_id=698 processed=338
2026-04-20T07:04:33 consumer processed case_id=699 event_id=699 processed=339
2026-04-20T07:04:33 consumer processed case_id=700 event_id=700 processed=340
2026-04-20T07:04:33 consumer processed case_id=701 event_id=701 processed=341
2026-04-20T07:04:33 consumer processed case_id=702 event_id=702 processed=342
2026-04-20T07:04:33 consumer processed case_id=703 event_id=703 processed=343
2026-04-20T07:04:33 consumer processed case_id=704 event_id=704 processed=344
2026-04-20T07:04:33 consumer processed case_id=705 event_id=705 processed=345
2026-04-20T07:04:33 consumer processed case_id=706 event_id=706 processed=346
2026-04-20T07:04:33 consumer processed case_id=707 event_id=707 processed=347
2026-04-20T07:04:33 consumer processed case_id=708 event_id=708 processed=348
2026-04-20T07:04:33 consumer processed case_id=709 event_id=709 processed=349
2026-04-20T07:04:33 consumer processed case_id=710 event_id=710 processed=350
2026-04-20T07:04:33 consumer processed case_id=711 event_id=711 processed=351
2026-04-20T07:04:33 consumer processed case_id=712 event_id=712 processed=352
2026-04-20T07:04:33 consumer processed case_id=713 event_id=713 processed=353
2026-04-20T07:04:33 consumer processed case_id=714 event_id=714 processed=354
2026-04-20T07:04:33 consumer processed case_id=715 event_id=715 processed=355
2026-04-20T07:04:33 consumer processed case_id=716 event_id=716 processed=356
2026-04-20T07:04:33 consumer processed case_id=717 event_id=717 processed=357
2026-04-20T07:04:33 consumer processed case_id=718 event_id=718 processed=358
2026-04-20T07:04:33 consumer processed case_id=719 event_id=719 processed=359
2026-04-20T07:04:33 consumer processed case_id=720 event_id=720 processed=360
2026-04-20T07:04:33 consumer processed case_id=721 event_id=721 processed=361
2026-04-20T07:04:33 consumer processed case_id=722 event_id=722 processed=362
2026-04-20T07:04:33 consumer processed case_id=723 event_id=723 processed=363
2026-04-20T07:04:33 consumer processed case_id=724 event_id=724 processed=364
2026-04-20T07:04:33 consumer processed case_id=725 event_id=725 processed=365
2026-04-20T07:04:33 consumer processed case_id=726 event_id=726 processed=366
2026-04-20T07:04:33 consumer processed case_id=727 event_id=727 processed=367
2026-04-20T07:04:33 consumer processed case_id=728 event_id=728 processed=368
2026-04-20T07:04:33 consumer processed case_id=729 event_id=729 processed=369
2026-04-20T07:04:33 consumer processed case_id=730 event_id=730 processed=370
2026-04-20T07:04:33 consumer processed case_id=731 event_id=731 processed=371
2026-04-20T07:04:33 consumer processed case_id=732 event_id=732 processed=372
2026-04-20T07:04:33 consumer processed case_id=733 event_id=733 processed=373
2026-04-20T07:04:33 consumer processed case_id=734 event_id=734 processed=374
2026-04-20T07:04:33 consumer processed case_id=735 event_id=735 processed=375
2026-04-20T07:04:33 consumer processed case_id=736 event_id=736 processed=376
2026-04-20T07:04:33 consumer processed case_id=737 event_id=737 processed=377
2026-04-20T07:04:33 consumer processed case_id=738 event_id=738 processed=378
2026-04-20T07:04:33 consumer processed case_id=739 event_id=739 processed=379
2026-04-20T07:04:33 consumer processed case_id=740 event_id=740 processed=380
2026-04-20T07:04:33 consumer processed case_id=741 event_id=741 processed=381
2026-04-20T07:04:33 consumer processed case_id=742 event_id=742 processed=382
2026-04-20T07:04:33 consumer processed case_id=743 event_id=743 processed=383
2026-04-20T07:04:33 consumer processed case_id=744 event_id=744 processed=384
2026-04-20T07:04:33 consumer processed case_id=745 event_id=745 processed=385
2026-04-20T07:04:33 consumer processed case_id=746 event_id=746 processed=386
2026-04-20T07:04:33 consumer processed case_id=747 event_id=747 processed=387
2026-04-20T07:04:33 consumer processed case_id=748 event_id=748 processed=388
2026-04-20T07:04:33 consumer processed case_id=749 event_id=749 processed=389
2026-04-20T07:04:33 consumer processed case_id=750 event_id=750 processed=390
2026-04-20T07:04:33 consumer processed case_id=751 event_id=751 processed=391
2026-04-20T07:04:33 consumer processed case_id=752 event_id=752 processed=392
2026-04-20T07:04:33 consumer processed case_id=753 event_id=753 processed=393
2026-04-20T07:04:33 consumer processed case_id=754 event_id=754 processed=394
2026-04-20T07:04:33 consumer processed case_id=755 event_id=755 processed=395
2026-04-20T07:04:33 consumer processed case_id=756 event_id=756 processed=396
2026-04-20T07:04:33 consumer processed case_id=757 event_id=757 processed=397
2026-04-20T07:04:33 consumer processed case_id=758 event_id=758 processed=398
2026-04-20T07:04:33 consumer processed case_id=759 event_id=759 processed=399
2026-04-20T07:04:33 consumer processed case_id=760 event_id=760 processed=400
2026-04-20T07:04:33 consumer processed case_id=761 event_id=761 processed=401
2026-04-20T07:04:33 consumer processed case_id=762 event_id=762 processed=402
2026-04-20T07:04:33 consumer processed case_id=763 event_id=763 processed=403
2026-04-20T07:04:33 consumer processed case_id=764 event_id=764 processed=404
2026-04-20T07:04:33 consumer processed case_id=765 event_id=765 processed=405
2026-04-20T07:04:33 consumer processed case_id=766 event_id=766 processed=406
2026-04-20T07:04:33 consumer processed case_id=767 event_id=767 processed=407
2026-04-20T07:04:33 consumer processed case_id=768 event_id=768 processed=408
2026-04-20T07:04:33 consumer processed case_id=769 event_id=769 processed=409
2026-04-20T07:04:33 consumer processed case_id=770 event_id=770 processed=410
2026-04-20T07:04:33 consumer processed case_id=771 event_id=771 processed=411
2026-04-20T07:04:33 consumer processed case_id=772 event_id=772 processed=412
2026-04-20T07:04:33 consumer processed case_id=773 event_id=773 processed=413
2026-04-20T07:04:33 consumer processed case_id=774 event_id=774 processed=414
2026-04-20T07:04:33 consumer processed case_id=775 event_id=775 processed=415
2026-04-20T07:04:33 consumer processed case_id=776 event_id=776 processed=416
2026-04-20T07:04:33 consumer processed case_id=777 event_id=777 processed=417
2026-04-20T07:04:33 consumer processed case_id=778 event_id=778 processed=418
2026-04-20T07:04:33 consumer processed case_id=779 event_id=779 processed=419
2026-04-20T07:04:33 consumer processed case_id=780 event_id=780 processed=420
2026-04-20T07:04:33 consumer processed case_id=781 event_id=781 processed=421
2026-04-20T07:04:33 consumer processed case_id=782 event_id=782 processed=422
2026-04-20T07:04:33 consumer processed case_id=783 event_id=783 processed=423
2026-04-20T07:04:33 consumer processed case_id=784 event_id=784 processed=424
2026-04-20T07:04:33 consumer processed case_id=785 event_id=785 processed=425
2026-04-20T07:04:33 consumer processed case_id=786 event_id=786 processed=426
2026-04-20T07:04:33 consumer processed case_id=787 event_id=787 processed=427
2026-04-20T07:04:33 consumer processed case_id=788 event_id=788 processed=428
2026-04-20T07:04:33 consumer processed case_id=789 event_id=789 processed=429
2026-04-20T07:04:33 consumer processed case_id=790 event_id=790 processed=430
2026-04-20T07:04:33 consumer processed case_id=791 event_id=791 processed=431
2026-04-20T07:04:33 consumer processed case_id=792 event_id=792 processed=432
2026-04-20T07:04:33 consumer processed case_id=793 event_id=793 processed=433
2026-04-20T07:04:33 consumer processed case_id=794 event_id=794 processed=434
2026-04-20T07:04:33 consumer processed case_id=795 event_id=795 processed=435
2026-04-20T07:04:33 consumer processed case_id=796 event_id=796 processed=436
2026-04-20T07:04:33 consumer processed case_id=797 event_id=797 processed=437
2026-04-20T07:04:33 consumer processed case_id=798 event_id=798 processed=438
2026-04-20T07:04:33 consumer processed case_id=799 event_id=799 processed=439
2026-04-20T07:04:33 consumer processed case_id=800 event_id=800 processed=440
2026-04-20T07:04:33 consumer processed case_id=801 event_id=801 processed=441
2026-04-20T07:04:33 consumer processed case_id=802 event_id=802 processed=442
2026-04-20T07:04:33 consumer processed case_id=803 event_id=803 processed=443
2026-04-20T07:04:33 consumer processed case_id=804 event_id=804 processed=444
2026-04-20T07:04:33 consumer processed case_id=805 event_id=805 processed=445
2026-04-20T07:04:33 consumer processed case_id=806 event_id=806 processed=446
2026-04-20T07:04:33 consumer processed case_id=807 event_id=807 processed=447
2026-04-20T07:04:33 consumer processed case_id=808 event_id=808 processed=448
2026-04-20T07:04:33 consumer processed case_id=809 event_id=809 processed=449
2026-04-20T07:04:33 consumer processed case_id=810 event_id=810 processed=450
2026-04-20T07:04:33 consumer processed case_id=811 event_id=811 processed=451
2026-04-20T07:04:33 consumer processed case_id=812 event_id=812 processed=452
2026-04-20T07:04:33 consumer processed case_id=813 event_id=813 processed=453
2026-04-20T07:04:33 consumer processed case_id=814 event_id=814 processed=454
2026-04-20T07:04:33 consumer processed case_id=815 event_id=815 processed=455
2026-04-20T07:04:33 consumer processed case_id=816 event_id=816 processed=456
2026-04-20T07:04:33 consumer processed case_id=817 event_id=817 processed=457
2026-04-20T07:04:33 consumer processed case_id=818 event_id=818 processed=458
2026-04-20T07:04:33 consumer processed case_id=819 event_id=819 processed=459
2026-04-20T07:04:33 consumer processed case_id=820 event_id=820 processed=460
2026-04-20T07:04:33 consumer processed case_id=821 event_id=821 processed=461
2026-04-20T07:04:33 consumer processed case_id=822 event_id=822 processed=462
2026-04-20T07:04:33 consumer processed case_id=823 event_id=823 processed=463
2026-04-20T07:04:33 consumer processed case_id=824 event_id=824 processed=464
2026-04-20T07:04:33 consumer processed case_id=825 event_id=825 processed=465
2026-04-20T07:04:33 consumer processed case_id=826 event_id=826 processed=466
2026-04-20T07:04:33 consumer processed case_id=827 event_id=827 processed=467
2026-04-20T07:04:33 consumer processed case_id=828 event_id=828 processed=468
2026-04-20T07:04:33 consumer processed case_id=829 event_id=829 processed=469
2026-04-20T07:04:33 consumer processed case_id=830 event_id=830 processed=470
2026-04-20T07:04:33 consumer processed case_id=831 event_id=831 processed=471
2026-04-20T07:04:33 consumer processed case_id=832 event_id=832 processed=472
2026-04-20T07:04:33 consumer processed case_id=833 event_id=833 processed=473
2026-04-20T07:04:33 consumer processed case_id=834 event_id=834 processed=474
2026-04-20T07:04:33 consumer processed case_id=835 event_id=835 processed=475
2026-04-20T07:04:33 consumer processed case_id=836 event_id=836 processed=476
2026-04-20T07:04:33 consumer processed case_id=837 event_id=837 processed=477
2026-04-20T07:04:33 consumer processed case_id=838 event_id=838 processed=478
2026-04-20T07:04:33 consumer processed case_id=839 event_id=839 processed=479
2026-04-20T07:04:33 consumer processed case_id=840 event_id=840 processed=480
2026-04-20T07:04:33 consumer processed case_id=841 event_id=841 processed=481
2026-04-20T07:04:33 consumer processed case_id=842 event_id=842 processed=482
2026-04-20T07:04:33 consumer processed case_id=843 event_id=843 processed=483
2026-04-20T07:04:33 consumer processed case_id=844 event_id=844 processed=484
2026-04-20T07:04:33 consumer processed case_id=845 event_id=845 processed=485
2026-04-20T07:04:33 consumer processed case_id=846 event_id=846 processed=486
2026-04-20T07:04:33 consumer processed case_id=847 event_id=847 processed=487
2026-04-20T07:04:33 consumer processed case_id=848 event_id=848 processed=488
2026-04-20T07:04:33 consumer processed case_id=849 event_id=849 processed=489
2026-04-20T07:04:33 consumer processed case_id=850 event_id=850 processed=490
2026-04-20T07:04:33 consumer processed case_id=851 event_id=851 processed=491
2026-04-20T07:04:33 consumer processed case_id=852 event_id=852 processed=492
2026-04-20T07:04:33 consumer processed case_id=853 event_id=853 processed=493
2026-04-20T07:04:33 consumer processed case_id=854 event_id=854 processed=494
2026-04-20T07:04:33 consumer processed case_id=855 event_id=855 processed=495
2026-04-20T07:04:33 consumer processed case_id=856 event_id=856 processed=496
2026-04-20T07:04:33 consumer processed case_id=857 event_id=857 processed=497
2026-04-20T07:04:33 consumer processed case_id=858 event_id=858 processed=498
2026-04-20T07:04:33 consumer processed case_id=859 event_id=859 processed=499
2026-04-20T07:04:33 consumer processed case_id=860 event_id=860 processed=500
2026-04-20T07:04:33 consumer processed case_id=861 event_id=861 processed=501
2026-04-20T07:04:33 consumer processed case_id=862 event_id=862 processed=502
2026-04-20T07:04:33 consumer processed case_id=863 event_id=863 processed=503
2026-04-20T07:04:33 consumer processed case_id=864 event_id=864 processed=504
2026-04-20T07:04:33 consumer processed case_id=865 event_id=865 processed=505
2026-04-20T07:04:33 consumer processed case_id=866 event_id=866 processed=506
2026-04-20T07:04:33 consumer processed case_id=867 event_id=867 processed=507
2026-04-20T07:04:33 consumer processed case_id=868 event_id=868 processed=508
2026-04-20T07:04:33 consumer processed case_id=869 event_id=869 processed=509
2026-04-20T07:04:33 consumer processed case_id=870 event_id=870 processed=510
2026-04-20T07:04:33 consumer processed case_id=871 event_id=871 processed=511
2026-04-20T07:04:33 consumer processed case_id=872 event_id=872 processed=512
2026-04-20T07:04:33 consumer processed case_id=873 event_id=873 processed=513
2026-04-20T07:04:33 consumer processed case_id=874 event_id=874 processed=514
2026-04-20T07:04:33 consumer processed case_id=875 event_id=875 processed=515
2026-04-20T07:04:33 consumer processed case_id=876 event_id=876 processed=516
2026-04-20T07:04:33 consumer processed case_id=877 event_id=877 processed=517
2026-04-20T07:04:33 consumer processed case_id=878 event_id=878 processed=518
2026-04-20T07:04:34 consumer processed case_id=879 event_id=879 processed=519
2026-04-20T07:04:34 consumer processed case_id=880 event_id=880 processed=520
2026-04-20T07:04:34 consumer processed case_id=881 event_id=881 processed=521
2026-04-20T07:04:34 consumer processed case_id=882 event_id=882 processed=522
2026-04-20T07:04:34 consumer processed case_id=883 event_id=883 processed=523
2026-04-20T07:04:34 consumer processed case_id=884 event_id=884 processed=524
2026-04-20T07:04:34 consumer processed case_id=885 event_id=885 processed=525
2026-04-20T07:04:34 consumer processed case_id=886 event_id=886 processed=526
2026-04-20T07:04:34 consumer processed case_id=887 event_id=887 processed=527
2026-04-20T07:04:34 consumer processed case_id=888 event_id=888 processed=528
2026-04-20T07:04:34 consumer processed case_id=889 event_id=889 processed=529
2026-04-20T07:04:34 consumer processed case_id=890 event_id=890 processed=530
2026-04-20T07:04:34 consumer processed case_id=891 event_id=891 processed=531
2026-04-20T07:04:34 consumer processed case_id=892 event_id=892 processed=532
2026-04-20T07:04:34 consumer processed case_id=893 event_id=893 processed=533
2026-04-20T07:04:34 consumer processed case_id=894 event_id=894 processed=534
2026-04-20T07:04:34 consumer processed case_id=895 event_id=895 processed=535
2026-04-20T07:04:34 consumer processed case_id=896 event_id=896 processed=536
2026-04-20T07:04:34 consumer processed case_id=897 event_id=897 processed=537
2026-04-20T07:04:34 consumer processed case_id=898 event_id=898 processed=538
2026-04-20T07:04:34 consumer processed case_id=899 event_id=899 processed=539
2026-04-20T07:04:34 consumer processed case_id=900 event_id=900 processed=540
2026-04-20T07:04:34 consumer processed case_id=901 event_id=901 processed=541
2026-04-20T07:04:34 consumer processed case_id=902 event_id=902 processed=542
2026-04-20T07:04:34 consumer processed case_id=903 event_id=903 processed=543
2026-04-20T07:04:34 consumer processed case_id=904 event_id=904 processed=544
2026-04-20T07:04:34 consumer processed case_id=905 event_id=905 processed=545
2026-04-20T07:04:34 consumer processed case_id=906 event_id=906 processed=546
2026-04-20T07:04:34 consumer processed case_id=907 event_id=907 processed=547
2026-04-20T07:04:34 consumer processed case_id=908 event_id=908 processed=548
2026-04-20T07:04:34 consumer processed case_id=909 event_id=909 processed=549
2026-04-20T07:04:34 consumer processed case_id=910 event_id=910 processed=550
2026-04-20T07:04:34 consumer processed case_id=911 event_id=911 processed=551
2026-04-20T07:04:34 consumer processed case_id=912 event_id=912 processed=552
2026-04-20T07:04:34 consumer processed case_id=913 event_id=913 processed=553
2026-04-20T07:04:34 consumer processed case_id=914 event_id=914 processed=554
2026-04-20T07:04:34 consumer processed case_id=915 event_id=915 processed=555
2026-04-20T07:04:34 consumer processed case_id=916 event_id=916 processed=556
2026-04-20T07:04:34 consumer processed case_id=917 event_id=917 processed=557
2026-04-20T07:04:34 consumer processed case_id=918 event_id=918 processed=558
2026-04-20T07:04:34 consumer processed case_id=919 event_id=919 processed=559
2026-04-20T07:04:34 consumer processed case_id=920 event_id=920 processed=560
2026-04-20T07:04:34 consumer processed case_id=921 event_id=921 processed=561
2026-04-20T07:04:34 consumer processed case_id=922 event_id=922 processed=562
2026-04-20T07:04:34 consumer processed case_id=923 event_id=923 processed=563
2026-04-20T07:04:34 consumer processed case_id=924 event_id=924 processed=564
2026-04-20T07:04:34 consumer processed case_id=925 event_id=925 processed=565
2026-04-20T07:04:34 consumer processed case_id=926 event_id=926 processed=566
2026-04-20T07:04:34 consumer processed case_id=927 event_id=927 processed=567
2026-04-20T07:04:34 consumer processed case_id=928 event_id=928 processed=568
2026-04-20T07:04:34 consumer processed case_id=929 event_id=929 processed=569
2026-04-20T07:04:34 consumer processed case_id=930 event_id=930 processed=570
2026-04-20T07:04:34 consumer processed case_id=931 event_id=931 processed=571
2026-04-20T07:04:34 consumer processed case_id=932 event_id=932 processed=572
2026-04-20T07:04:34 consumer processed case_id=933 event_id=933 processed=573
2026-04-20T07:04:34 consumer processed case_id=934 event_id=934 processed=574
2026-04-20T07:04:34 consumer processed case_id=935 event_id=935 processed=575
2026-04-20T07:04:34 consumer processed case_id=936 event_id=936 processed=576
2026-04-20T07:04:34 consumer processed case_id=937 event_id=937 processed=577
2026-04-20T07:04:34 consumer processed case_id=938 event_id=938 processed=578
2026-04-20T07:04:34 consumer processed case_id=939 event_id=939 processed=579
2026-04-20T07:04:34 consumer processed case_id=940 event_id=940 processed=580
2026-04-20T07:04:34 consumer processed case_id=941 event_id=941 processed=581
2026-04-20T07:04:34 consumer processed case_id=942 event_id=942 processed=582
2026-04-20T07:04:34 consumer processed case_id=943 event_id=943 processed=583
2026-04-20T07:04:34 consumer processed case_id=944 event_id=944 processed=584
2026-04-20T07:04:34 consumer processed case_id=945 event_id=945 processed=585
2026-04-20T07:04:34 consumer processed case_id=946 event_id=946 processed=586
2026-04-20T07:04:34 consumer processed case_id=947 event_id=947 processed=587
2026-04-20T07:04:34 consumer processed case_id=948 event_id=948 processed=588
2026-04-20T07:04:34 consumer processed case_id=949 event_id=949 processed=589
2026-04-20T07:04:34 consumer processed case_id=950 event_id=950 processed=590
2026-04-20T07:04:34 consumer processed case_id=951 event_id=951 processed=591
2026-04-20T07:04:34 consumer processed case_id=952 event_id=952 processed=592
2026-04-20T07:04:34 consumer processed case_id=953 event_id=953 processed=593
2026-04-20T07:04:34 consumer processed case_id=954 event_id=954 processed=594
2026-04-20T07:04:34 consumer processed case_id=955 event_id=955 processed=595
2026-04-20T07:04:34 consumer processed case_id=956 event_id=956 processed=596
2026-04-20T07:04:34 consumer processed case_id=957 event_id=957 processed=597
2026-04-20T07:04:34 consumer processed case_id=958 event_id=958 processed=598
2026-04-20T07:04:34 consumer processed case_id=959 event_id=959 processed=599
2026-04-20T07:04:34 consumer processed case_id=960 event_id=960 processed=600
2026-04-20T07:04:34 consumer processed case_id=961 event_id=961 processed=601
2026-04-20T07:04:34 consumer processed case_id=962 event_id=962 processed=602
2026-04-20T07:04:34 consumer processed case_id=963 event_id=963 processed=603
2026-04-20T07:04:34 consumer processed case_id=964 event_id=964 processed=604
2026-04-20T07:04:34 consumer processed case_id=965 event_id=965 processed=605
2026-04-20T07:04:34 consumer processed case_id=966 event_id=966 processed=606
2026-04-20T07:04:34 consumer processed case_id=967 event_id=967 processed=607
2026-04-20T07:04:34 consumer processed case_id=968 event_id=968 processed=608
2026-04-20T07:04:34 consumer processed case_id=969 event_id=969 processed=609
2026-04-20T07:04:34 consumer processed case_id=970 event_id=970 processed=610
2026-04-20T07:04:34 consumer processed case_id=971 event_id=971 processed=611
2026-04-20T07:04:34 consumer processed case_id=972 event_id=972 processed=612
2026-04-20T07:04:34 consumer processed case_id=973 event_id=973 processed=613
2026-04-20T07:04:34 consumer processed case_id=974 event_id=974 processed=614
2026-04-20T07:04:34 consumer processed case_id=975 event_id=975 processed=615
2026-04-20T07:04:34 consumer processed case_id=976 event_id=976 processed=616
2026-04-20T07:04:34 consumer processed case_id=977 event_id=977 processed=617
2026-04-20T07:04:34 consumer processed case_id=978 event_id=978 processed=618
2026-04-20T07:04:34 consumer processed case_id=979 event_id=979 processed=619
2026-04-20T07:04:34 consumer processed case_id=980 event_id=980 processed=620
2026-04-20T07:04:34 consumer processed case_id=981 event_id=981 processed=621
2026-04-20T07:04:34 consumer processed case_id=982 event_id=982 processed=622
2026-04-20T07:04:34 consumer processed case_id=983 event_id=983 processed=623
2026-04-20T07:04:34 consumer processed case_id=984 event_id=984 processed=624
2026-04-20T07:04:34 consumer processed case_id=985 event_id=985 processed=625
2026-04-20T07:04:34 consumer processed case_id=986 event_id=986 processed=626
2026-04-20T07:04:34 consumer processed case_id=987 event_id=987 processed=627
2026-04-20T07:04:34 consumer processed case_id=988 event_id=988 processed=628
2026-04-20T07:04:34 consumer processed case_id=989 event_id=989 processed=629
2026-04-20T07:04:34 consumer processed case_id=990 event_id=990 processed=630
2026-04-20T07:04:34 consumer processed case_id=991 event_id=991 processed=631
2026-04-20T07:04:34 consumer processed case_id=992 event_id=992 processed=632
2026-04-20T07:04:34 consumer processed case_id=993 event_id=993 processed=633
2026-04-20T07:04:34 consumer processed case_id=994 event_id=994 processed=634
2026-04-20T07:04:34 consumer processed case_id=995 event_id=995 processed=635
2026-04-20T07:04:34 consumer processed case_id=996 event_id=996 processed=636
2026-04-20T07:04:34 consumer processed case_id=997 event_id=997 processed=637
2026-04-20T07:04:34 consumer processed case_id=998 event_id=998 processed=638
2026-04-20T07:04:34 consumer processed case_id=999 event_id=999 processed=639
2026-04-20T07:04:34 consumer producer_complete_seen emitted_hint=1000 logical_hint=1000 seen_elapsed=8.372004
2026-04-20T07:04:36 consumer drain_complete processed=639 emitted_hint=1000 logical_hint=1000 quiet_for=2.013
