2026-04-20T06:40:32 consumer starting delivery_mode=retained enforcement_timing=immediate boundary=state_non_regression disturbance=interruption
2026-04-20T06:40:38 consumer interruption_active mode=progress_fraction reason=progress_fraction>=0.6 duration=0.800
2026-04-20T06:40:39 consumer latest_state_attained entity_id=0 version=4 attained=1
2026-04-20T06:40:39 consumer latest_state_attained entity_id=1 version=4 attained=2
2026-04-20T06:40:39 consumer latest_state_attained entity_id=2 version=4 attained=3
2026-04-20T06:40:39 consumer latest_state_attained entity_id=3 version=4 attained=4
2026-04-20T06:40:39 consumer latest_state_attained entity_id=4 version=4 attained=5
2026-04-20T06:40:39 consumer latest_state_attained entity_id=5 version=4 attained=6
2026-04-20T06:40:39 consumer latest_state_attained entity_id=6 version=4 attained=7
2026-04-20T06:40:39 consumer latest_state_attained entity_id=7 version=4 attained=8
2026-04-20T06:40:39 consumer latest_state_attained entity_id=8 version=4 attained=9
2026-04-20T06:40:39 consumer latest_state_attained entity_id=9 version=4 attained=10
2026-04-20T06:40:39 consumer latest_state_attained entity_id=10 version=4 attained=11
2026-04-20T06:40:39 consumer latest_state_attained entity_id=11 version=4 attained=12
2026-04-20T06:40:39 consumer latest_state_attained entity_id=12 version=4 attained=13
2026-04-20T06:40:39 consumer latest_state_attained entity_id=13 version=4 attained=14
2026-04-20T06:40:39 consumer latest_state_attained entity_id=14 version=4 attained=15
2026-04-20T06:40:39 consumer latest_state_attained entity_id=15 version=4 attained=16
2026-04-20T06:40:39 consumer latest_state_attained entity_id=16 version=4 attained=17
2026-04-20T06:40:39 consumer latest_state_attained entity_id=17 version=4 attained=18
2026-04-20T06:40:39 consumer latest_state_attained entity_id=18 version=4 attained=19
2026-04-20T06:40:39 consumer latest_state_attained entity_id=19 version=4 attained=20
2026-04-20T06:40:39 consumer latest_state_attained entity_id=20 version=4 attained=21
2026-04-20T06:40:39 consumer latest_state_attained entity_id=21 version=4 attained=22
2026-04-20T06:40:39 consumer latest_state_attained entity_id=22 version=4 attained=23
2026-04-20T06:40:39 consumer latest_state_attained entity_id=23 version=4 attained=24
2026-04-20T06:40:39 consumer latest_state_attained entity_id=24 version=4 attained=25
2026-04-20T06:40:39 consumer latest_state_attained entity_id=25 version=4 attained=26
2026-04-20T06:40:39 consumer latest_state_attained entity_id=26 version=4 attained=27
2026-04-20T06:40:39 consumer latest_state_attained entity_id=27 version=4 attained=28
2026-04-20T06:40:39 consumer latest_state_attained entity_id=28 version=4 attained=29
2026-04-20T06:40:39 consumer latest_state_attained entity_id=29 version=4 attained=30
2026-04-20T06:40:39 consumer latest_state_attained entity_id=30 version=4 attained=31
2026-04-20T06:40:39 consumer latest_state_attained entity_id=31 version=4 attained=32
2026-04-20T06:40:39 consumer latest_state_attained entity_id=32 version=4 attained=33
2026-04-20T06:40:39 consumer latest_state_attained entity_id=33 version=4 attained=34
2026-04-20T06:40:39 consumer latest_state_attained entity_id=34 version=4 attained=35
2026-04-20T06:40:39 consumer latest_state_attained entity_id=35 version=4 attained=36
2026-04-20T06:40:39 consumer latest_state_attained entity_id=36 version=4 attained=37
2026-04-20T06:40:39 consumer latest_state_attained entity_id=37 version=4 attained=38
2026-04-20T06:40:39 consumer latest_state_attained entity_id=38 version=4 attained=39
2026-04-20T06:40:39 consumer latest_state_attained entity_id=39 version=4 attained=40
2026-04-20T06:40:39 consumer latest_state_attained entity_id=40 version=4 attained=41
2026-04-20T06:40:39 consumer latest_state_attained entity_id=41 version=4 attained=42
2026-04-20T06:40:39 consumer latest_state_attained entity_id=42 version=4 attained=43
2026-04-20T06:40:39 consumer latest_state_attained entity_id=43 version=4 attained=44
2026-04-20T06:40:39 consumer latest_state_attained entity_id=44 version=4 attained=45
2026-04-20T06:40:39 consumer latest_state_attained entity_id=45 version=4 attained=46
2026-04-20T06:40:39 consumer latest_state_attained entity_id=46 version=4 attained=47
2026-04-20T06:40:39 consumer latest_state_attained entity_id=47 version=4 attained=48
2026-04-20T06:40:39 consumer latest_state_attained entity_id=48 version=4 attained=49
2026-04-20T06:40:39 consumer latest_state_attained entity_id=49 version=4 attained=50
2026-04-20T06:40:39 consumer latest_state_attained entity_id=50 version=4 attained=51
2026-04-20T06:40:39 consumer latest_state_attained entity_id=51 version=4 attained=52
2026-04-20T06:40:39 consumer latest_state_attained entity_id=52 version=4 attained=53
2026-04-20T06:40:39 consumer latest_state_attained entity_id=53 version=4 attained=54
2026-04-20T06:40:39 consumer latest_state_attained entity_id=54 version=4 attained=55
2026-04-20T06:40:39 consumer latest_state_attained entity_id=55 version=4 attained=56
2026-04-20T06:40:39 consumer latest_state_attained entity_id=56 version=4 attained=57
2026-04-20T06:40:39 consumer latest_state_attained entity_id=57 version=4 attained=58
2026-04-20T06:40:39 consumer latest_state_attained entity_id=58 version=4 attained=59
2026-04-20T06:40:39 consumer latest_state_attained entity_id=59 version=4 attained=60
2026-04-20T06:40:39 consumer latest_state_attained entity_id=60 version=4 attained=61
2026-04-20T06:40:39 consumer latest_state_attained entity_id=61 version=4 attained=62
2026-04-20T06:40:39 consumer latest_state_attained entity_id=62 version=4 attained=63
2026-04-20T06:40:39 consumer latest_state_attained entity_id=63 version=4 attained=64
2026-04-20T06:40:39 consumer latest_state_attained entity_id=64 version=4 attained=65
2026-04-20T06:40:39 consumer latest_state_attained entity_id=65 version=4 attained=66
2026-04-20T06:40:39 consumer latest_state_attained entity_id=66 version=4 attained=67
2026-04-20T06:40:39 consumer latest_state_attained entity_id=67 version=4 attained=68
2026-04-20T06:40:39 consumer latest_state_attained entity_id=68 version=4 attained=69
2026-04-20T06:40:39 consumer latest_state_attained entity_id=69 version=4 attained=70
2026-04-20T06:40:39 consumer latest_state_attained entity_id=70 version=4 attained=71
2026-04-20T06:40:39 consumer latest_state_attained entity_id=71 version=4 attained=72
2026-04-20T06:40:39 consumer latest_state_attained entity_id=72 version=4 attained=73
2026-04-20T06:40:39 consumer latest_state_attained entity_id=73 version=4 attained=74
2026-04-20T06:40:39 consumer latest_state_attained entity_id=74 version=4 attained=75
2026-04-20T06:40:39 consumer latest_state_attained entity_id=75 version=4 attained=76
2026-04-20T06:40:39 consumer latest_state_attained entity_id=76 version=4 attained=77
2026-04-20T06:40:39 consumer latest_state_attained entity_id=77 version=4 attained=78
2026-04-20T06:40:39 consumer latest_state_attained entity_id=78 version=4 attained=79
2026-04-20T06:40:39 consumer latest_state_attained entity_id=79 version=4 attained=80
2026-04-20T06:40:39 consumer latest_state_attained entity_id=80 version=4 attained=81
2026-04-20T06:40:39 consumer latest_state_attained entity_id=81 version=4 attained=82
2026-04-20T06:40:39 consumer latest_state_attained entity_id=82 version=4 attained=83
2026-04-20T06:40:39 consumer latest_state_attained entity_id=83 version=4 attained=84
2026-04-20T06:40:39 consumer latest_state_attained entity_id=84 version=4 attained=85
2026-04-20T06:40:39 consumer latest_state_attained entity_id=85 version=4 attained=86
2026-04-20T06:40:39 consumer latest_state_attained entity_id=86 version=4 attained=87
2026-04-20T06:40:39 consumer latest_state_attained entity_id=87 version=4 attained=88
2026-04-20T06:40:39 consumer latest_state_attained entity_id=88 version=4 attained=89
2026-04-20T06:40:39 consumer latest_state_attained entity_id=89 version=4 attained=90
2026-04-20T06:40:39 consumer latest_state_attained entity_id=90 version=4 attained=91
2026-04-20T06:40:39 consumer latest_state_attained entity_id=91 version=4 attained=92
2026-04-20T06:40:39 consumer latest_state_attained entity_id=92 version=4 attained=93
2026-04-20T06:40:39 consumer latest_state_attained entity_id=93 version=4 attained=94
2026-04-20T06:40:39 consumer latest_state_attained entity_id=94 version=4 attained=95
2026-04-20T06:40:39 consumer latest_state_attained entity_id=95 version=4 attained=96
2026-04-20T06:40:39 consumer latest_state_attained entity_id=96 version=4 attained=97
2026-04-20T06:40:39 consumer latest_state_attained entity_id=97 version=4 attained=98
2026-04-20T06:40:39 consumer latest_state_attained entity_id=98 version=4 attained=99
2026-04-20T06:40:39 consumer latest_state_attained entity_id=99 version=4 attained=100
2026-04-20T06:40:39 consumer latest_state_attained entity_id=100 version=4 attained=101
2026-04-20T06:40:39 consumer latest_state_attained entity_id=101 version=4 attained=102
2026-04-20T06:40:39 consumer latest_state_attained entity_id=102 version=4 attained=103
2026-04-20T06:40:39 consumer latest_state_attained entity_id=103 version=4 attained=104
2026-04-20T06:40:39 consumer latest_state_attained entity_id=104 version=4 attained=105
2026-04-20T06:40:39 consumer latest_state_attained entity_id=105 version=4 attained=106
2026-04-20T06:40:39 consumer latest_state_attained entity_id=106 version=4 attained=107
2026-04-20T06:40:39 consumer latest_state_attained entity_id=107 version=4 attained=108
2026-04-20T06:40:39 consumer latest_state_attained entity_id=108 version=4 attained=109
2026-04-20T06:40:39 consumer latest_state_attained entity_id=109 version=4 attained=110
2026-04-20T06:40:39 consumer latest_state_attained entity_id=110 version=4 attained=111
2026-04-20T06:40:39 consumer latest_state_attained entity_id=111 version=4 attained=112
2026-04-20T06:40:39 consumer latest_state_attained entity_id=112 version=4 attained=113
2026-04-20T06:40:39 consumer latest_state_attained entity_id=113 version=4 attained=114
2026-04-20T06:40:39 consumer latest_state_attained entity_id=114 version=4 attained=115
2026-04-20T06:40:39 consumer latest_state_attained entity_id=115 version=4 attained=116
2026-04-20T06:40:39 consumer latest_state_attained entity_id=116 version=4 attained=117
2026-04-20T06:40:39 consumer latest_state_attained entity_id=117 version=4 attained=118
2026-04-20T06:40:39 consumer latest_state_attained entity_id=118 version=4 attained=119
2026-04-20T06:40:39 consumer latest_state_attained entity_id=119 version=4 attained=120
2026-04-20T06:40:39 consumer latest_state_attained entity_id=120 version=4 attained=121
2026-04-20T06:40:39 consumer latest_state_attained entity_id=121 version=4 attained=122
2026-04-20T06:40:39 consumer latest_state_attained entity_id=122 version=4 attained=123
2026-04-20T06:40:39 consumer latest_state_attained entity_id=123 version=4 attained=124
2026-04-20T06:40:39 consumer latest_state_attained entity_id=124 version=4 attained=125
2026-04-20T06:40:39 consumer latest_state_attained entity_id=125 version=4 attained=126
2026-04-20T06:40:39 consumer latest_state_attained entity_id=126 version=4 attained=127
2026-04-20T06:40:39 consumer latest_state_attained entity_id=127 version=4 attained=128
2026-04-20T06:40:39 consumer latest_state_attained entity_id=128 version=4 attained=129
2026-04-20T06:40:39 consumer latest_state_attained entity_id=129 version=4 attained=130
2026-04-20T06:40:39 consumer latest_state_attained entity_id=130 version=4 attained=131
2026-04-20T06:40:39 consumer latest_state_attained entity_id=131 version=4 attained=132
2026-04-20T06:40:39 consumer latest_state_attained entity_id=132 version=4 attained=133
2026-04-20T06:40:40 consumer latest_state_attained entity_id=133 version=4 attained=134
2026-04-20T06:40:40 consumer latest_state_attained entity_id=134 version=4 attained=135
2026-04-20T06:40:40 consumer latest_state_attained entity_id=135 version=4 attained=136
2026-04-20T06:40:40 consumer latest_state_attained entity_id=136 version=4 attained=137
2026-04-20T06:40:40 consumer latest_state_attained entity_id=137 version=4 attained=138
2026-04-20T06:40:40 consumer latest_state_attained entity_id=138 version=4 attained=139
2026-04-20T06:40:40 consumer latest_state_attained entity_id=139 version=4 attained=140
2026-04-20T06:40:40 consumer latest_state_attained entity_id=140 version=4 attained=141
2026-04-20T06:40:40 consumer latest_state_attained entity_id=141 version=4 attained=142
2026-04-20T06:40:40 consumer latest_state_attained entity_id=142 version=4 attained=143
2026-04-20T06:40:40 consumer latest_state_attained entity_id=143 version=4 attained=144
2026-04-20T06:40:40 consumer latest_state_attained entity_id=144 version=4 attained=145
2026-04-20T06:40:40 consumer latest_state_attained entity_id=145 version=4 attained=146
2026-04-20T06:40:40 consumer latest_state_attained entity_id=146 version=4 attained=147
2026-04-20T06:40:40 consumer latest_state_attained entity_id=147 version=4 attained=148
2026-04-20T06:40:40 consumer latest_state_attained entity_id=148 version=4 attained=149
2026-04-20T06:40:40 consumer latest_state_attained entity_id=149 version=4 attained=150
2026-04-20T06:40:40 consumer latest_state_attained entity_id=150 version=4 attained=151
2026-04-20T06:40:40 consumer latest_state_attained entity_id=151 version=4 attained=152
2026-04-20T06:40:40 consumer latest_state_attained entity_id=152 version=4 attained=153
2026-04-20T06:40:40 consumer latest_state_attained entity_id=153 version=4 attained=154
2026-04-20T06:40:40 consumer latest_state_attained entity_id=154 version=4 attained=155
2026-04-20T06:40:40 consumer latest_state_attained entity_id=155 version=4 attained=156
2026-04-20T06:40:40 consumer latest_state_attained entity_id=156 version=4 attained=157
2026-04-20T06:40:40 consumer latest_state_attained entity_id=157 version=4 attained=158
2026-04-20T06:40:40 consumer latest_state_attained entity_id=158 version=4 attained=159
2026-04-20T06:40:40 consumer latest_state_attained entity_id=159 version=4 attained=160
2026-04-20T06:40:40 consumer latest_state_attained entity_id=160 version=4 attained=161
2026-04-20T06:40:40 consumer latest_state_attained entity_id=161 version=4 attained=162
2026-04-20T06:40:40 consumer latest_state_attained entity_id=162 version=4 attained=163
2026-04-20T06:40:40 consumer latest_state_attained entity_id=163 version=4 attained=164
2026-04-20T06:40:40 consumer latest_state_attained entity_id=164 version=4 attained=165
2026-04-20T06:40:40 consumer latest_state_attained entity_id=165 version=4 attained=166
2026-04-20T06:40:40 consumer latest_state_attained entity_id=166 version=4 attained=167
2026-04-20T06:40:40 consumer latest_state_attained entity_id=167 version=4 attained=168
2026-04-20T06:40:40 consumer latest_state_attained entity_id=168 version=4 attained=169
2026-04-20T06:40:40 consumer latest_state_attained entity_id=169 version=4 attained=170
2026-04-20T06:40:40 consumer latest_state_attained entity_id=170 version=4 attained=171
2026-04-20T06:40:40 consumer latest_state_attained entity_id=171 version=4 attained=172
2026-04-20T06:40:40 consumer latest_state_attained entity_id=172 version=4 attained=173
2026-04-20T06:40:40 consumer latest_state_attained entity_id=173 version=4 attained=174
2026-04-20T06:40:40 consumer latest_state_attained entity_id=174 version=4 attained=175
2026-04-20T06:40:40 consumer latest_state_attained entity_id=175 version=4 attained=176
2026-04-20T06:40:40 consumer latest_state_attained entity_id=176 version=4 attained=177
2026-04-20T06:40:40 consumer latest_state_attained entity_id=177 version=4 attained=178
2026-04-20T06:40:40 consumer latest_state_attained entity_id=178 version=4 attained=179
2026-04-20T06:40:40 consumer latest_state_attained entity_id=179 version=4 attained=180
2026-04-20T06:40:40 consumer latest_state_attained entity_id=180 version=4 attained=181
2026-04-20T06:40:40 consumer latest_state_attained entity_id=181 version=4 attained=182
2026-04-20T06:40:40 consumer latest_state_attained entity_id=182 version=4 attained=183
2026-04-20T06:40:40 consumer latest_state_attained entity_id=183 version=4 attained=184
2026-04-20T06:40:40 consumer latest_state_attained entity_id=184 version=4 attained=185
2026-04-20T06:40:40 consumer latest_state_attained entity_id=185 version=4 attained=186
2026-04-20T06:40:40 consumer latest_state_attained entity_id=186 version=4 attained=187
2026-04-20T06:40:40 consumer latest_state_attained entity_id=187 version=4 attained=188
2026-04-20T06:40:40 consumer latest_state_attained entity_id=188 version=4 attained=189
2026-04-20T06:40:40 consumer latest_state_attained entity_id=189 version=4 attained=190
2026-04-20T06:40:40 consumer latest_state_attained entity_id=190 version=4 attained=191
2026-04-20T06:40:40 consumer latest_state_attained entity_id=191 version=4 attained=192
2026-04-20T06:40:40 consumer latest_state_attained entity_id=192 version=4 attained=193
2026-04-20T06:40:40 consumer latest_state_attained entity_id=193 version=4 attained=194
2026-04-20T06:40:40 consumer latest_state_attained entity_id=194 version=4 attained=195
2026-04-20T06:40:40 consumer latest_state_attained entity_id=195 version=4 attained=196
2026-04-20T06:40:40 consumer latest_state_attained entity_id=196 version=4 attained=197
2026-04-20T06:40:40 consumer latest_state_attained entity_id=197 version=4 attained=198
2026-04-20T06:40:40 consumer latest_state_attained entity_id=198 version=4 attained=199
2026-04-20T06:40:40 consumer latest_state_attained entity_id=199 version=4 attained=200
2026-04-20T06:40:40 consumer latest_state_attained entity_id=200 version=4 attained=201
2026-04-20T06:40:40 consumer latest_state_attained entity_id=201 version=4 attained=202
2026-04-20T06:40:40 consumer latest_state_attained entity_id=202 version=4 attained=203
2026-04-20T06:40:40 consumer latest_state_attained entity_id=203 version=4 attained=204
2026-04-20T06:40:40 consumer latest_state_attained entity_id=204 version=4 attained=205
2026-04-20T06:40:40 consumer latest_state_attained entity_id=205 version=4 attained=206
2026-04-20T06:40:40 consumer latest_state_attained entity_id=206 version=4 attained=207
2026-04-20T06:40:40 consumer latest_state_attained entity_id=207 version=4 attained=208
2026-04-20T06:40:40 consumer latest_state_attained entity_id=208 version=4 attained=209
2026-04-20T06:40:40 consumer latest_state_attained entity_id=209 version=4 attained=210
2026-04-20T06:40:40 consumer latest_state_attained entity_id=210 version=4 attained=211
2026-04-20T06:40:40 consumer latest_state_attained entity_id=211 version=4 attained=212
2026-04-20T06:40:40 consumer latest_state_attained entity_id=212 version=4 attained=213
2026-04-20T06:40:40 consumer latest_state_attained entity_id=213 version=4 attained=214
2026-04-20T06:40:40 consumer latest_state_attained entity_id=214 version=4 attained=215
2026-04-20T06:40:40 consumer latest_state_attained entity_id=215 version=4 attained=216
2026-04-20T06:40:40 consumer latest_state_attained entity_id=216 version=4 attained=217
2026-04-20T06:40:40 consumer latest_state_attained entity_id=217 version=4 attained=218
2026-04-20T06:40:40 consumer latest_state_attained entity_id=218 version=4 attained=219
2026-04-20T06:40:40 consumer latest_state_attained entity_id=219 version=4 attained=220
2026-04-20T06:40:40 consumer latest_state_attained entity_id=220 version=4 attained=221
2026-04-20T06:40:40 consumer latest_state_attained entity_id=221 version=4 attained=222
2026-04-20T06:40:40 consumer latest_state_attained entity_id=222 version=4 attained=223
2026-04-20T06:40:40 consumer latest_state_attained entity_id=223 version=4 attained=224
2026-04-20T06:40:40 consumer latest_state_attained entity_id=224 version=4 attained=225
2026-04-20T06:40:40 consumer latest_state_attained entity_id=225 version=4 attained=226
2026-04-20T06:40:40 consumer latest_state_attained entity_id=226 version=4 attained=227
2026-04-20T06:40:40 consumer latest_state_attained entity_id=227 version=4 attained=228
2026-04-20T06:40:40 consumer latest_state_attained entity_id=228 version=4 attained=229
2026-04-20T06:40:40 consumer latest_state_attained entity_id=229 version=4 attained=230
2026-04-20T06:40:40 consumer latest_state_attained entity_id=230 version=4 attained=231
2026-04-20T06:40:40 consumer latest_state_attained entity_id=231 version=4 attained=232
2026-04-20T06:40:40 consumer latest_state_attained entity_id=232 version=4 attained=233
2026-04-20T06:40:40 consumer latest_state_attained entity_id=233 version=4 attained=234
2026-04-20T06:40:40 consumer latest_state_attained entity_id=234 version=4 attained=235
2026-04-20T06:40:40 consumer latest_state_attained entity_id=235 version=4 attained=236
2026-04-20T06:40:40 consumer latest_state_attained entity_id=236 version=4 attained=237
2026-04-20T06:40:40 consumer latest_state_attained entity_id=237 version=4 attained=238
2026-04-20T06:40:40 consumer latest_state_attained entity_id=238 version=4 attained=239
2026-04-20T06:40:40 consumer latest_state_attained entity_id=239 version=4 attained=240
2026-04-20T06:40:40 consumer latest_state_attained entity_id=240 version=4 attained=241
2026-04-20T06:40:40 consumer latest_state_attained entity_id=241 version=4 attained=242
2026-04-20T06:40:40 consumer latest_state_attained entity_id=242 version=4 attained=243
2026-04-20T06:40:40 consumer latest_state_attained entity_id=243 version=4 attained=244
2026-04-20T06:40:40 consumer latest_state_attained entity_id=244 version=4 attained=245
2026-04-20T06:40:40 consumer latest_state_attained entity_id=245 version=4 attained=246
2026-04-20T06:40:40 consumer latest_state_attained entity_id=246 version=4 attained=247
2026-04-20T06:40:40 consumer latest_state_attained entity_id=247 version=4 attained=248
2026-04-20T06:40:40 consumer latest_state_attained entity_id=248 version=4 attained=249
2026-04-20T06:40:40 consumer latest_state_attained entity_id=249 version=4 attained=250
2026-04-20T06:40:40 consumer latest_state_attained entity_id=250 version=4 attained=251
2026-04-20T06:40:40 consumer latest_state_attained entity_id=251 version=4 attained=252
2026-04-20T06:40:40 consumer latest_state_attained entity_id=252 version=4 attained=253
2026-04-20T06:40:40 consumer latest_state_attained entity_id=253 version=4 attained=254
2026-04-20T06:40:40 consumer latest_state_attained entity_id=254 version=4 attained=255
2026-04-20T06:40:40 consumer latest_state_attained entity_id=255 version=4 attained=256
2026-04-20T06:40:40 consumer latest_state_attained entity_id=256 version=4 attained=257
2026-04-20T06:40:40 consumer latest_state_attained entity_id=257 version=4 attained=258
2026-04-20T06:40:40 consumer latest_state_attained entity_id=258 version=4 attained=259
2026-04-20T06:40:40 consumer latest_state_attained entity_id=259 version=4 attained=260
2026-04-20T06:40:40 consumer latest_state_attained entity_id=260 version=4 attained=261
2026-04-20T06:40:40 consumer latest_state_attained entity_id=261 version=4 attained=262
2026-04-20T06:40:40 consumer latest_state_attained entity_id=262 version=4 attained=263
2026-04-20T06:40:40 consumer latest_state_attained entity_id=263 version=4 attained=264
2026-04-20T06:40:40 consumer latest_state_attained entity_id=264 version=4 attained=265
2026-04-20T06:40:40 consumer latest_state_attained entity_id=265 version=4 attained=266
2026-04-20T06:40:40 consumer latest_state_attained entity_id=266 version=4 attained=267
2026-04-20T06:40:40 consumer latest_state_attained entity_id=267 version=4 attained=268
2026-04-20T06:40:40 consumer latest_state_attained entity_id=268 version=4 attained=269
2026-04-20T06:40:40 consumer latest_state_attained entity_id=269 version=4 attained=270
2026-04-20T06:40:40 consumer latest_state_attained entity_id=270 version=4 attained=271
2026-04-20T06:40:40 consumer latest_state_attained entity_id=271 version=4 attained=272
2026-04-20T06:40:40 consumer latest_state_attained entity_id=272 version=4 attained=273
2026-04-20T06:40:40 consumer latest_state_attained entity_id=273 version=4 attained=274
2026-04-20T06:40:40 consumer latest_state_attained entity_id=274 version=4 attained=275
2026-04-20T06:40:40 consumer latest_state_attained entity_id=275 version=4 attained=276
2026-04-20T06:40:40 consumer latest_state_attained entity_id=276 version=4 attained=277
2026-04-20T06:40:40 consumer latest_state_attained entity_id=277 version=4 attained=278
2026-04-20T06:40:40 consumer latest_state_attained entity_id=278 version=4 attained=279
2026-04-20T06:40:40 consumer latest_state_attained entity_id=279 version=4 attained=280
2026-04-20T06:40:40 consumer latest_state_attained entity_id=280 version=4 attained=281
2026-04-20T06:40:40 consumer latest_state_attained entity_id=281 version=4 attained=282
2026-04-20T06:40:40 consumer latest_state_attained entity_id=282 version=4 attained=283
2026-04-20T06:40:40 consumer latest_state_attained entity_id=283 version=4 attained=284
2026-04-20T06:40:40 consumer latest_state_attained entity_id=284 version=4 attained=285
2026-04-20T06:40:40 consumer latest_state_attained entity_id=285 version=4 attained=286
2026-04-20T06:40:40 consumer latest_state_attained entity_id=286 version=4 attained=287
2026-04-20T06:40:40 consumer latest_state_attained entity_id=287 version=4 attained=288
2026-04-20T06:40:40 consumer latest_state_attained entity_id=288 version=4 attained=289
2026-04-20T06:40:40 consumer latest_state_attained entity_id=289 version=4 attained=290
2026-04-20T06:40:40 consumer latest_state_attained entity_id=290 version=4 attained=291
2026-04-20T06:40:40 consumer latest_state_attained entity_id=291 version=4 attained=292
2026-04-20T06:40:40 consumer latest_state_attained entity_id=292 version=4 attained=293
2026-04-20T06:40:40 consumer latest_state_attained entity_id=293 version=4 attained=294
2026-04-20T06:40:40 consumer latest_state_attained entity_id=294 version=4 attained=295
2026-04-20T06:40:40 consumer latest_state_attained entity_id=295 version=4 attained=296
2026-04-20T06:40:40 consumer latest_state_attained entity_id=296 version=4 attained=297
2026-04-20T06:40:40 consumer latest_state_attained entity_id=297 version=4 attained=298
2026-04-20T06:40:40 consumer latest_state_attained entity_id=298 version=4 attained=299
2026-04-20T06:40:40 consumer latest_state_attained entity_id=299 version=4 attained=300
2026-04-20T06:40:40 consumer obsolete_ignored entity_id=3 version=3 current=4
2026-04-20T06:40:40 consumer obsolete_ignored entity_id=9 version=3 current=4
2026-04-20T06:40:40 consumer obsolete_ignored entity_id=13 version=3 current=4
2026-04-20T06:40:40 consumer obsolete_ignored entity_id=14 version=3 current=4
2026-04-20T06:40:40 consumer obsolete_ignored entity_id=15 version=3 current=4
2026-04-20T06:40:40 consumer obsolete_ignored entity_id=19 version=3 current=4
2026-04-20T06:40:40 consumer obsolete_ignored entity_id=22 version=3 current=4
2026-04-20T06:40:40 consumer obsolete_ignored entity_id=25 version=3 current=4
2026-04-20T06:40:40 consumer obsolete_ignored entity_id=28 version=3 current=4
2026-04-20T06:40:40 consumer obsolete_ignored entity_id=33 version=3 current=4
2026-04-20T06:40:41 consumer obsolete_ignored entity_id=35 version=3 current=4
2026-04-20T06:40:41 consumer obsolete_ignored entity_id=42 version=3 current=4
2026-04-20T06:40:41 consumer obsolete_ignored entity_id=43 version=3 current=4
2026-04-20T06:40:41 consumer obsolete_ignored entity_id=50 version=3 current=4
2026-04-20T06:40:41 consumer obsolete_ignored entity_id=53 version=3 current=4
2026-04-20T06:40:41 consumer obsolete_ignored entity_id=57 version=3 current=4
2026-04-20T06:40:41 consumer obsolete_ignored entity_id=61 version=3 current=4
2026-04-20T06:40:41 consumer obsolete_ignored entity_id=63 version=3 current=4
2026-04-20T06:40:41 consumer obsolete_ignored entity_id=64 version=3 current=4
2026-04-20T06:40:41 consumer obsolete_ignored entity_id=66 version=3 current=4
2026-04-20T06:40:41 consumer obsolete_ignored entity_id=69 version=3 current=4
2026-04-20T06:40:41 consumer obsolete_ignored entity_id=72 version=3 current=4
2026-04-20T06:40:41 consumer obsolete_ignored entity_id=73 version=3 current=4
2026-04-20T06:40:41 consumer obsolete_ignored entity_id=86 version=3 current=4
2026-04-20T06:40:41 consumer obsolete_ignored entity_id=87 version=3 current=4
2026-04-20T06:40:41 consumer obsolete_ignored entity_id=89 version=3 current=4
2026-04-20T06:40:41 consumer obsolete_ignored entity_id=92 version=3 current=4
2026-04-20T06:40:41 consumer obsolete_ignored entity_id=93 version=3 current=4
2026-04-20T06:40:41 consumer obsolete_ignored entity_id=97 version=3 current=4
2026-04-20T06:40:41 consumer obsolete_ignored entity_id=104 version=3 current=4
2026-04-20T06:40:41 consumer obsolete_ignored entity_id=111 version=3 current=4
2026-04-20T06:40:41 consumer obsolete_ignored entity_id=118 version=3 current=4
2026-04-20T06:40:41 consumer obsolete_ignored entity_id=128 version=3 current=4
2026-04-20T06:40:41 consumer obsolete_ignored entity_id=133 version=3 current=4
2026-04-20T06:40:41 consumer obsolete_ignored entity_id=139 version=3 current=4
2026-04-20T06:40:41 consumer obsolete_ignored entity_id=140 version=3 current=4
2026-04-20T06:40:41 consumer obsolete_ignored entity_id=142 version=3 current=4
2026-04-20T06:40:41 consumer obsolete_ignored entity_id=143 version=3 current=4
2026-04-20T06:40:41 consumer obsolete_ignored entity_id=145 version=3 current=4
2026-04-20T06:40:41 consumer obsolete_ignored entity_id=147 version=3 current=4
2026-04-20T06:40:41 consumer obsolete_ignored entity_id=150 version=3 current=4
2026-04-20T06:40:41 consumer obsolete_ignored entity_id=161 version=3 current=4
2026-04-20T06:40:41 consumer obsolete_ignored entity_id=163 version=3 current=4
2026-04-20T06:40:41 consumer obsolete_ignored entity_id=168 version=3 current=4
2026-04-20T06:40:41 consumer obsolete_ignored entity_id=171 version=3 current=4
2026-04-20T06:40:41 consumer obsolete_ignored entity_id=174 version=3 current=4
2026-04-20T06:40:41 consumer obsolete_ignored entity_id=178 version=3 current=4
2026-04-20T06:40:41 consumer obsolete_ignored entity_id=179 version=3 current=4
2026-04-20T06:40:41 consumer obsolete_ignored entity_id=183 version=3 current=4
2026-04-20T06:40:41 consumer obsolete_ignored entity_id=185 version=3 current=4
2026-04-20T06:40:41 consumer obsolete_ignored entity_id=199 version=3 current=4
2026-04-20T06:40:41 consumer obsolete_ignored entity_id=200 version=3 current=4
2026-04-20T06:40:41 consumer obsolete_ignored entity_id=201 version=3 current=4
2026-04-20T06:40:41 consumer obsolete_ignored entity_id=203 version=3 current=4
2026-04-20T06:40:41 consumer obsolete_ignored entity_id=209 version=3 current=4
2026-04-20T06:40:41 consumer obsolete_ignored entity_id=210 version=3 current=4
2026-04-20T06:40:41 consumer obsolete_ignored entity_id=212 version=3 current=4
2026-04-20T06:40:41 consumer obsolete_ignored entity_id=215 version=3 current=4
2026-04-20T06:40:41 consumer obsolete_ignored entity_id=216 version=3 current=4
2026-04-20T06:40:41 consumer obsolete_ignored entity_id=219 version=3 current=4
2026-04-20T06:40:41 consumer obsolete_ignored entity_id=227 version=3 current=4
2026-04-20T06:40:41 consumer obsolete_ignored entity_id=231 version=3 current=4
2026-04-20T06:40:41 consumer obsolete_ignored entity_id=236 version=3 current=4
2026-04-20T06:40:41 consumer obsolete_ignored entity_id=237 version=3 current=4
2026-04-20T06:40:41 consumer obsolete_ignored entity_id=240 version=3 current=4
2026-04-20T06:40:41 consumer obsolete_ignored entity_id=243 version=3 current=4
2026-04-20T06:40:41 consumer obsolete_ignored entity_id=245 version=3 current=4
2026-04-20T06:40:41 consumer obsolete_ignored entity_id=250 version=3 current=4
2026-04-20T06:40:41 consumer obsolete_ignored entity_id=252 version=3 current=4
2026-04-20T06:40:41 consumer obsolete_ignored entity_id=253 version=3 current=4
2026-04-20T06:40:41 consumer obsolete_ignored entity_id=258 version=3 current=4
2026-04-20T06:40:41 consumer obsolete_ignored entity_id=259 version=3 current=4
2026-04-20T06:40:41 consumer obsolete_ignored entity_id=260 version=3 current=4
2026-04-20T06:40:41 consumer obsolete_ignored entity_id=262 version=3 current=4
2026-04-20T06:40:41 consumer obsolete_ignored entity_id=263 version=3 current=4
2026-04-20T06:40:41 consumer obsolete_ignored entity_id=264 version=3 current=4
2026-04-20T06:40:41 consumer obsolete_ignored entity_id=266 version=3 current=4
2026-04-20T06:40:41 consumer obsolete_ignored entity_id=267 version=3 current=4
2026-04-20T06:40:41 consumer obsolete_ignored entity_id=272 version=3 current=4
2026-04-20T06:40:41 consumer obsolete_ignored entity_id=274 version=3 current=4
2026-04-20T06:40:41 consumer obsolete_ignored entity_id=277 version=3 current=4
2026-04-20T06:40:41 consumer obsolete_ignored entity_id=279 version=3 current=4
2026-04-20T06:40:41 consumer obsolete_ignored entity_id=283 version=3 current=4
2026-04-20T06:40:41 consumer obsolete_ignored entity_id=285 version=3 current=4
2026-04-20T06:40:41 consumer obsolete_ignored entity_id=286 version=3 current=4
2026-04-20T06:40:41 consumer obsolete_ignored entity_id=287 version=3 current=4
2026-04-20T06:40:41 consumer obsolete_ignored entity_id=288 version=3 current=4
2026-04-20T06:40:41 consumer obsolete_ignored entity_id=290 version=3 current=4
2026-04-20T06:40:41 consumer obsolete_ignored entity_id=292 version=3 current=4
2026-04-20T06:40:41 consumer obsolete_ignored entity_id=296 version=3 current=4
2026-04-20T06:40:41 consumer producer_complete_seen emitted_hint=300 logical_hint=300 seen_elapsed=8.724273
2026-04-20T06:40:43 consumer drain_complete processed=1290 emitted_hint=300 logical_hint=300 quiet_for=2.180
