2026-04-20T07:17:06 consumer starting delivery_mode=transient enforcement_timing=immediate boundary=required_effect disturbance=interruption
2026-04-20T07:17:06 consumer processed case_id=0 event_id=0 processed=1
2026-04-20T07:17:06 consumer processed case_id=1 event_id=1 processed=2
2026-04-20T07:17:06 consumer processed case_id=2 event_id=2 processed=3
2026-04-20T07:17:06 consumer processed case_id=3 event_id=3 processed=4
2026-04-20T07:17:06 consumer processed case_id=4 event_id=4 processed=5
2026-04-20T07:17:06 consumer processed case_id=5 event_id=5 processed=6
2026-04-20T07:17:06 consumer processed case_id=6 event_id=6 processed=7
2026-04-20T07:17:06 consumer processed case_id=7 event_id=7 processed=8
2026-04-20T07:17:06 consumer processed case_id=8 event_id=8 processed=9
2026-04-20T07:17:06 consumer processed case_id=9 event_id=9 processed=10
2026-04-20T07:17:06 consumer processed case_id=10 event_id=10 processed=11
2026-04-20T07:17:06 consumer processed case_id=11 event_id=11 processed=12
2026-04-20T07:17:06 consumer processed case_id=12 event_id=12 processed=13
2026-04-20T07:17:06 consumer processed case_id=13 event_id=13 processed=14
2026-04-20T07:17:06 consumer processed case_id=14 event_id=14 processed=15
2026-04-20T07:17:06 consumer processed case_id=15 event_id=15 processed=16
2026-04-20T07:17:06 consumer processed case_id=16 event_id=16 processed=17
2026-04-20T07:17:06 consumer processed case_id=17 event_id=17 processed=18
2026-04-20T07:17:06 consumer processed case_id=18 event_id=18 processed=19
2026-04-20T07:17:06 consumer processed case_id=19 event_id=19 processed=20
2026-04-20T07:17:06 consumer processed case_id=20 event_id=20 processed=21
2026-04-20T07:17:06 consumer processed case_id=21 event_id=21 processed=22
2026-04-20T07:17:06 consumer processed case_id=22 event_id=22 processed=23
2026-04-20T07:17:06 consumer processed case_id=23 event_id=23 processed=24
2026-04-20T07:17:06 consumer processed case_id=24 event_id=24 processed=25
2026-04-20T07:17:06 consumer processed case_id=25 event_id=25 processed=26
2026-04-20T07:17:06 consumer processed case_id=26 event_id=26 processed=27
2026-04-20T07:17:06 consumer processed case_id=27 event_id=27 processed=28
2026-04-20T07:17:06 consumer processed case_id=28 event_id=28 processed=29
2026-04-20T07:17:06 consumer processed case_id=29 event_id=29 processed=30
2026-04-20T07:17:06 consumer processed case_id=30 event_id=30 processed=31
2026-04-20T07:17:06 consumer processed case_id=31 event_id=31 processed=32
2026-04-20T07:17:06 consumer processed case_id=32 event_id=32 processed=33
2026-04-20T07:17:06 consumer processed case_id=33 event_id=33 processed=34
2026-04-20T07:17:06 consumer processed case_id=34 event_id=34 processed=35
2026-04-20T07:17:06 consumer processed case_id=35 event_id=35 processed=36
2026-04-20T07:17:06 consumer processed case_id=36 event_id=36 processed=37
2026-04-20T07:17:06 consumer processed case_id=37 event_id=37 processed=38
2026-04-20T07:17:06 consumer processed case_id=38 event_id=38 processed=39
2026-04-20T07:17:06 consumer processed case_id=39 event_id=39 processed=40
2026-04-20T07:17:06 consumer processed case_id=40 event_id=40 processed=41
2026-04-20T07:17:06 consumer processed case_id=41 event_id=41 processed=42
2026-04-20T07:17:06 consumer processed case_id=42 event_id=42 processed=43
2026-04-20T07:17:06 consumer processed case_id=43 event_id=43 processed=44
2026-04-20T07:17:06 consumer processed case_id=44 event_id=44 processed=45
2026-04-20T07:17:06 consumer processed case_id=45 event_id=45 processed=46
2026-04-20T07:17:06 consumer processed case_id=46 event_id=46 processed=47
2026-04-20T07:17:06 consumer processed case_id=47 event_id=47 processed=48
2026-04-20T07:17:06 consumer processed case_id=48 event_id=48 processed=49
2026-04-20T07:17:06 consumer processed case_id=49 event_id=49 processed=50
2026-04-20T07:17:06 consumer processed case_id=50 event_id=50 processed=51
2026-04-20T07:17:06 consumer processed case_id=51 event_id=51 processed=52
2026-04-20T07:17:06 consumer processed case_id=52 event_id=52 processed=53
2026-04-20T07:17:06 consumer processed case_id=53 event_id=53 processed=54
2026-04-20T07:17:06 consumer processed case_id=54 event_id=54 processed=55
2026-04-20T07:17:06 consumer processed case_id=55 event_id=55 processed=56
2026-04-20T07:17:06 consumer processed case_id=56 event_id=56 processed=57
2026-04-20T07:17:06 consumer processed case_id=57 event_id=57 processed=58
2026-04-20T07:17:06 consumer processed case_id=58 event_id=58 processed=59
2026-04-20T07:17:06 consumer processed case_id=59 event_id=59 processed=60
2026-04-20T07:17:06 consumer processed case_id=60 event_id=60 processed=61
2026-04-20T07:17:06 consumer processed case_id=61 event_id=61 processed=62
2026-04-20T07:17:06 consumer processed case_id=62 event_id=62 processed=63
2026-04-20T07:17:06 consumer processed case_id=63 event_id=63 processed=64
2026-04-20T07:17:06 consumer processed case_id=64 event_id=64 processed=65
2026-04-20T07:17:06 consumer processed case_id=65 event_id=65 processed=66
2026-04-20T07:17:06 consumer processed case_id=66 event_id=66 processed=67
2026-04-20T07:17:06 consumer processed case_id=67 event_id=67 processed=68
2026-04-20T07:17:06 consumer processed case_id=68 event_id=68 processed=69
2026-04-20T07:17:06 consumer processed case_id=69 event_id=69 processed=70
2026-04-20T07:17:06 consumer processed case_id=70 event_id=70 processed=71
2026-04-20T07:17:06 consumer processed case_id=71 event_id=71 processed=72
2026-04-20T07:17:06 consumer processed case_id=72 event_id=72 processed=73
2026-04-20T07:17:06 consumer processed case_id=73 event_id=73 processed=74
2026-04-20T07:17:06 consumer processed case_id=74 event_id=74 processed=75
2026-04-20T07:17:06 consumer processed case_id=75 event_id=75 processed=76
2026-04-20T07:17:06 consumer processed case_id=76 event_id=76 processed=77
2026-04-20T07:17:06 consumer processed case_id=77 event_id=77 processed=78
2026-04-20T07:17:06 consumer processed case_id=78 event_id=78 processed=79
2026-04-20T07:17:06 consumer processed case_id=79 event_id=79 processed=80
2026-04-20T07:17:06 consumer processed case_id=80 event_id=80 processed=81
2026-04-20T07:17:06 consumer processed case_id=81 event_id=81 processed=82
2026-04-20T07:17:06 consumer processed case_id=82 event_id=82 processed=83
2026-04-20T07:17:06 consumer processed case_id=83 event_id=83 processed=84
2026-04-20T07:17:06 consumer processed case_id=84 event_id=84 processed=85
2026-04-20T07:17:06 consumer processed case_id=85 event_id=85 processed=86
2026-04-20T07:17:06 consumer processed case_id=86 event_id=86 processed=87
2026-04-20T07:17:06 consumer processed case_id=87 event_id=87 processed=88
2026-04-20T07:17:06 consumer processed case_id=88 event_id=88 processed=89
2026-04-20T07:17:06 consumer processed case_id=89 event_id=89 processed=90
2026-04-20T07:17:06 consumer processed case_id=90 event_id=90 processed=91
2026-04-20T07:17:06 consumer processed case_id=91 event_id=91 processed=92
2026-04-20T07:17:06 consumer processed case_id=92 event_id=92 processed=93
2026-04-20T07:17:06 consumer processed case_id=93 event_id=93 processed=94
2026-04-20T07:17:06 consumer processed case_id=94 event_id=94 processed=95
2026-04-20T07:17:06 consumer processed case_id=95 event_id=95 processed=96
2026-04-20T07:17:06 consumer processed case_id=96 event_id=96 processed=97
2026-04-20T07:17:06 consumer processed case_id=97 event_id=97 processed=98
2026-04-20T07:17:06 consumer processed case_id=98 event_id=98 processed=99
2026-04-20T07:17:06 consumer processed case_id=99 event_id=99 processed=100
2026-04-20T07:17:06 consumer processed case_id=100 event_id=100 processed=101
2026-04-20T07:17:06 consumer processed case_id=101 event_id=101 processed=102
2026-04-20T07:17:06 consumer processed case_id=102 event_id=102 processed=103
2026-04-20T07:17:06 consumer processed case_id=103 event_id=103 processed=104
2026-04-20T07:17:06 consumer processed case_id=104 event_id=104 processed=105
2026-04-20T07:17:06 consumer processed case_id=105 event_id=105 processed=106
2026-04-20T07:17:06 consumer processed case_id=106 event_id=106 processed=107
2026-04-20T07:17:07 consumer processed case_id=107 event_id=107 processed=108
2026-04-20T07:17:07 consumer processed case_id=108 event_id=108 processed=109
2026-04-20T07:17:07 consumer processed case_id=109 event_id=109 processed=110
2026-04-20T07:17:07 consumer processed case_id=110 event_id=110 processed=111
2026-04-20T07:17:07 consumer processed case_id=111 event_id=111 processed=112
2026-04-20T07:17:07 consumer processed case_id=112 event_id=112 processed=113
2026-04-20T07:17:07 consumer processed case_id=113 event_id=113 processed=114
2026-04-20T07:17:07 consumer processed case_id=114 event_id=114 processed=115
2026-04-20T07:17:07 consumer processed case_id=115 event_id=115 processed=116
2026-04-20T07:17:07 consumer processed case_id=116 event_id=116 processed=117
2026-04-20T07:17:07 consumer processed case_id=117 event_id=117 processed=118
2026-04-20T07:17:07 consumer processed case_id=118 event_id=118 processed=119
2026-04-20T07:17:07 consumer processed case_id=119 event_id=119 processed=120
2026-04-20T07:17:07 consumer processed case_id=120 event_id=120 processed=121
2026-04-20T07:17:07 consumer processed case_id=121 event_id=121 processed=122
2026-04-20T07:17:07 consumer processed case_id=122 event_id=122 processed=123
2026-04-20T07:17:07 consumer processed case_id=123 event_id=123 processed=124
2026-04-20T07:17:07 consumer processed case_id=124 event_id=124 processed=125
2026-04-20T07:17:07 consumer processed case_id=125 event_id=125 processed=126
2026-04-20T07:17:07 consumer processed case_id=126 event_id=126 processed=127
2026-04-20T07:17:07 consumer processed case_id=127 event_id=127 processed=128
2026-04-20T07:17:07 consumer processed case_id=128 event_id=128 processed=129
2026-04-20T07:17:07 consumer processed case_id=129 event_id=129 processed=130
2026-04-20T07:17:07 consumer processed case_id=130 event_id=130 processed=131
2026-04-20T07:17:07 consumer processed case_id=131 event_id=131 processed=132
2026-04-20T07:17:07 consumer processed case_id=132 event_id=132 processed=133
2026-04-20T07:17:07 consumer processed case_id=133 event_id=133 processed=134
2026-04-20T07:17:07 consumer processed case_id=134 event_id=134 processed=135
2026-04-20T07:17:07 consumer processed case_id=135 event_id=135 processed=136
2026-04-20T07:17:07 consumer processed case_id=136 event_id=136 processed=137
2026-04-20T07:17:07 consumer processed case_id=137 event_id=137 processed=138
2026-04-20T07:17:07 consumer processed case_id=138 event_id=138 processed=139
2026-04-20T07:17:07 consumer processed case_id=139 event_id=139 processed=140
2026-04-20T07:17:07 consumer processed case_id=140 event_id=140 processed=141
2026-04-20T07:17:07 consumer processed case_id=141 event_id=141 processed=142
2026-04-20T07:17:07 consumer processed case_id=142 event_id=142 processed=143
2026-04-20T07:17:07 consumer processed case_id=143 event_id=143 processed=144
2026-04-20T07:17:07 consumer processed case_id=144 event_id=144 processed=145
2026-04-20T07:17:07 consumer processed case_id=145 event_id=145 processed=146
2026-04-20T07:17:07 consumer processed case_id=146 event_id=146 processed=147
2026-04-20T07:17:07 consumer processed case_id=147 event_id=147 processed=148
2026-04-20T07:17:07 consumer processed case_id=148 event_id=148 processed=149
2026-04-20T07:17:07 consumer processed case_id=149 event_id=149 processed=150
2026-04-20T07:17:07 consumer processed case_id=150 event_id=150 processed=151
2026-04-20T07:17:07 consumer processed case_id=151 event_id=151 processed=152
2026-04-20T07:17:07 consumer processed case_id=152 event_id=152 processed=153
2026-04-20T07:17:07 consumer processed case_id=153 event_id=153 processed=154
2026-04-20T07:17:07 consumer processed case_id=154 event_id=154 processed=155
2026-04-20T07:17:07 consumer processed case_id=155 event_id=155 processed=156
2026-04-20T07:17:07 consumer processed case_id=156 event_id=156 processed=157
2026-04-20T07:17:07 consumer processed case_id=157 event_id=157 processed=158
2026-04-20T07:17:07 consumer processed case_id=158 event_id=158 processed=159
2026-04-20T07:17:07 consumer processed case_id=159 event_id=159 processed=160
2026-04-20T07:17:07 consumer processed case_id=160 event_id=160 processed=161
2026-04-20T07:17:07 consumer processed case_id=161 event_id=161 processed=162
2026-04-20T07:17:07 consumer processed case_id=162 event_id=162 processed=163
2026-04-20T07:17:07 consumer processed case_id=163 event_id=163 processed=164
2026-04-20T07:17:07 consumer processed case_id=164 event_id=164 processed=165
2026-04-20T07:17:07 consumer processed case_id=165 event_id=165 processed=166
2026-04-20T07:17:07 consumer processed case_id=166 event_id=166 processed=167
2026-04-20T07:17:07 consumer processed case_id=167 event_id=167 processed=168
2026-04-20T07:17:07 consumer processed case_id=168 event_id=168 processed=169
2026-04-20T07:17:07 consumer processed case_id=169 event_id=169 processed=170
2026-04-20T07:17:07 consumer processed case_id=170 event_id=170 processed=171
2026-04-20T07:17:07 consumer processed case_id=171 event_id=171 processed=172
2026-04-20T07:17:07 consumer processed case_id=172 event_id=172 processed=173
2026-04-20T07:17:07 consumer processed case_id=173 event_id=173 processed=174
2026-04-20T07:17:07 consumer processed case_id=174 event_id=174 processed=175
2026-04-20T07:17:07 consumer processed case_id=175 event_id=175 processed=176
2026-04-20T07:17:07 consumer processed case_id=176 event_id=176 processed=177
2026-04-20T07:17:07 consumer processed case_id=177 event_id=177 processed=178
2026-04-20T07:17:07 consumer processed case_id=178 event_id=178 processed=179
2026-04-20T07:17:07 consumer processed case_id=179 event_id=179 processed=180
2026-04-20T07:17:07 consumer processed case_id=180 event_id=180 processed=181
2026-04-20T07:17:07 consumer processed case_id=181 event_id=181 processed=182
2026-04-20T07:17:07 consumer processed case_id=182 event_id=182 processed=183
2026-04-20T07:17:07 consumer processed case_id=183 event_id=183 processed=184
2026-04-20T07:17:07 consumer processed case_id=184 event_id=184 processed=185
2026-04-20T07:17:07 consumer processed case_id=185 event_id=185 processed=186
2026-04-20T07:17:07 consumer processed case_id=186 event_id=186 processed=187
2026-04-20T07:17:07 consumer processed case_id=187 event_id=187 processed=188
2026-04-20T07:17:07 consumer processed case_id=188 event_id=188 processed=189
2026-04-20T07:17:07 consumer processed case_id=189 event_id=189 processed=190
2026-04-20T07:17:07 consumer processed case_id=190 event_id=190 processed=191
2026-04-20T07:17:07 consumer processed case_id=191 event_id=191 processed=192
2026-04-20T07:17:07 consumer processed case_id=192 event_id=192 processed=193
2026-04-20T07:17:07 consumer processed case_id=193 event_id=193 processed=194
2026-04-20T07:17:07 consumer processed case_id=194 event_id=194 processed=195
2026-04-20T07:17:07 consumer processed case_id=195 event_id=195 processed=196
2026-04-20T07:17:07 consumer processed case_id=196 event_id=196 processed=197
2026-04-20T07:17:07 consumer processed case_id=197 event_id=197 processed=198
2026-04-20T07:17:07 consumer processed case_id=198 event_id=198 processed=199
2026-04-20T07:17:07 consumer processed case_id=199 event_id=199 processed=200
2026-04-20T07:17:07 consumer processed case_id=200 event_id=200 processed=201
2026-04-20T07:17:07 consumer processed case_id=201 event_id=201 processed=202
2026-04-20T07:17:07 consumer processed case_id=202 event_id=202 processed=203
2026-04-20T07:17:07 consumer interruption_disconnect_active mode=time_seconds reason=elapsed_seconds>=1.5 duration=5.000 state_drop_exposed_latest=False
2026-04-20T07:17:12 consumer interruption_disconnect_complete resubscribed=true
2026-04-20T07:17:12 consumer producer_complete_seen emitted_hint=1000 logical_hint=1000 seen_elapsed=6.504025
2026-04-20T07:17:12 consumer drain_complete processed=203 emitted_hint=1000 logical_hint=1000 quiet_for=5.004
